Archive member included to satisfy reference by file (symbol)

c:/st/stm32cubeide_1.11.0/stm32cubeide/plugins/com.st.stm32cube.ide.mcu.externaltools.gnu-tools-for-stm32.10.3-2021.10.win32_1.0.100.202210260954/tools/bin/../lib/gcc/arm-none-eabi/10.3.1/../../../../arm-none-eabi/lib/thumb/v7e-m+fp/hard\libm.a(lib_a-w_log.o)
                              ./Core/Src/Thermistor.o (log)
c:/st/stm32cubeide_1.11.0/stm32cubeide/plugins/com.st.stm32cube.ide.mcu.externaltools.gnu-tools-for-stm32.10.3-2021.10.win32_1.0.100.202210260954/tools/bin/../lib/gcc/arm-none-eabi/10.3.1/../../../../arm-none-eabi/lib/thumb/v7e-m+fp/hard\libm.a(lib_a-e_log.o)
                              c:/st/stm32cubeide_1.11.0/stm32cubeide/plugins/com.st.stm32cube.ide.mcu.externaltools.gnu-tools-for-stm32.10.3-2021.10.win32_1.0.100.202210260954/tools/bin/../lib/gcc/arm-none-eabi/10.3.1/../../../../arm-none-eabi/lib/thumb/v7e-m+fp/hard\libm.a(lib_a-w_log.o) (__ieee754_log)
c:/st/stm32cubeide_1.11.0/stm32cubeide/plugins/com.st.stm32cube.ide.mcu.externaltools.gnu-tools-for-stm32.10.3-2021.10.win32_1.0.100.202210260954/tools/bin/../lib/gcc/arm-none-eabi/10.3.1/../../../../arm-none-eabi/lib/thumb/v7e-m+fp/hard\libm.a(lib_a-s_nan.o)
                              c:/st/stm32cubeide_1.11.0/stm32cubeide/plugins/com.st.stm32cube.ide.mcu.externaltools.gnu-tools-for-stm32.10.3-2021.10.win32_1.0.100.202210260954/tools/bin/../lib/gcc/arm-none-eabi/10.3.1/../../../../arm-none-eabi/lib/thumb/v7e-m+fp/hard\libm.a(lib_a-w_log.o) (nan)
c:/st/stm32cubeide_1.11.0/stm32cubeide/plugins/com.st.stm32cube.ide.mcu.externaltools.gnu-tools-for-stm32.10.3-2021.10.win32_1.0.100.202210260954/tools/bin/../lib/gcc/arm-none-eabi/10.3.1/../../../../arm-none-eabi/lib/thumb/v7e-m+fp/hard\libc_nano.a(lib_a-errno.o)
                              ./Core/Src/syscalls.o (__errno)
c:/st/stm32cubeide_1.11.0/stm32cubeide/plugins/com.st.stm32cube.ide.mcu.externaltools.gnu-tools-for-stm32.10.3-2021.10.win32_1.0.100.202210260954/tools/bin/../lib/gcc/arm-none-eabi/10.3.1/../../../../arm-none-eabi/lib/thumb/v7e-m+fp/hard\libc_nano.a(lib_a-exit.o)
                              c:/st/stm32cubeide_1.11.0/stm32cubeide/plugins/com.st.stm32cube.ide.mcu.externaltools.gnu-tools-for-stm32.10.3-2021.10.win32_1.0.100.202210260954/tools/bin/../lib/gcc/arm-none-eabi/10.3.1/../../../../arm-none-eabi/lib/thumb/v7e-m+fp/hard/crt0.o (exit)
c:/st/stm32cubeide_1.11.0/stm32cubeide/plugins/com.st.stm32cube.ide.mcu.externaltools.gnu-tools-for-stm32.10.3-2021.10.win32_1.0.100.202210260954/tools/bin/../lib/gcc/arm-none-eabi/10.3.1/../../../../arm-none-eabi/lib/thumb/v7e-m+fp/hard\libc_nano.a(lib_a-impure.o)
                              c:/st/stm32cubeide_1.11.0/stm32cubeide/plugins/com.st.stm32cube.ide.mcu.externaltools.gnu-tools-for-stm32.10.3-2021.10.win32_1.0.100.202210260954/tools/bin/../lib/gcc/arm-none-eabi/10.3.1/../../../../arm-none-eabi/lib/thumb/v7e-m+fp/hard\libc_nano.a(lib_a-exit.o) (_global_impure_ptr)
c:/st/stm32cubeide_1.11.0/stm32cubeide/plugins/com.st.stm32cube.ide.mcu.externaltools.gnu-tools-for-stm32.10.3-2021.10.win32_1.0.100.202210260954/tools/bin/../lib/gcc/arm-none-eabi/10.3.1/../../../../arm-none-eabi/lib/thumb/v7e-m+fp/hard\libc_nano.a(lib_a-init.o)
                              c:/st/stm32cubeide_1.11.0/stm32cubeide/plugins/com.st.stm32cube.ide.mcu.externaltools.gnu-tools-for-stm32.10.3-2021.10.win32_1.0.100.202210260954/tools/bin/../lib/gcc/arm-none-eabi/10.3.1/../../../../arm-none-eabi/lib/thumb/v7e-m+fp/hard/crt0.o (__libc_init_array)
c:/st/stm32cubeide_1.11.0/stm32cubeide/plugins/com.st.stm32cube.ide.mcu.externaltools.gnu-tools-for-stm32.10.3-2021.10.win32_1.0.100.202210260954/tools/bin/../lib/gcc/arm-none-eabi/10.3.1/../../../../arm-none-eabi/lib/thumb/v7e-m+fp/hard\libc_nano.a(lib_a-memcpy-stub.o)
                              ./Core/Src/queue.o (memcpy)
c:/st/stm32cubeide_1.11.0/stm32cubeide/plugins/com.st.stm32cube.ide.mcu.externaltools.gnu-tools-for-stm32.10.3-2021.10.win32_1.0.100.202210260954/tools/bin/../lib/gcc/arm-none-eabi/10.3.1/../../../../arm-none-eabi/lib/thumb/v7e-m+fp/hard\libc_nano.a(lib_a-memset.o)
                              c:/st/stm32cubeide_1.11.0/stm32cubeide/plugins/com.st.stm32cube.ide.mcu.externaltools.gnu-tools-for-stm32.10.3-2021.10.win32_1.0.100.202210260954/tools/bin/../lib/gcc/arm-none-eabi/10.3.1/../../../../arm-none-eabi/lib/thumb/v7e-m+fp/hard/crt0.o (memset)
c:/st/stm32cubeide_1.11.0/stm32cubeide/plugins/com.st.stm32cube.ide.mcu.externaltools.gnu-tools-for-stm32.10.3-2021.10.win32_1.0.100.202210260954/tools/bin/../lib/gcc/arm-none-eabi/10.3.1/../../../../arm-none-eabi/lib/thumb/v7e-m+fp/hard\libc_nano.a(lib_a-snprintf.o)
                              ./Core/Src/main.o (snprintf)
c:/st/stm32cubeide_1.11.0/stm32cubeide/plugins/com.st.stm32cube.ide.mcu.externaltools.gnu-tools-for-stm32.10.3-2021.10.win32_1.0.100.202210260954/tools/bin/../lib/gcc/arm-none-eabi/10.3.1/../../../../arm-none-eabi/lib/thumb/v7e-m+fp/hard\libc_nano.a(lib_a-strcmp.o)
[...]
Memory Configuration

Name             Origin             Length             Attributes
CCMRAM           0x0000000010000000 0x0000000000010000 xrw
RAM              0x0000000020000000 0x0000000000020000 xrw
FLASH            0x0000000008000000 0x0000000000100000 xr
*default*        0x0000000000000000 0xffffffffffffffff

Linker script and memory map

LOAD c:/st/stm32cubeide_1.11.0/stm32cubeide/plugins/com.st.stm32cube.ide.mcu.externaltools.gnu-tools-for-stm32.10.3-2021.10.win32_1.0.100.202210260954/tools/bin/../lib/gcc/arm-none-eabi/10.3.1/thumb/v7e-m+fp/hard/crti.o
LOAD c:/st/stm32cubeide_1.11.0/stm32cubeide/plugins/com.st.stm32cube.ide.mcu.externaltools.gnu-tools-for-stm32.10.3-2021.10.win32_1.0.100.202210260954/tools/bin/../lib/gcc/arm-none-eabi/10.3.1/thumb/v7e-m+fp/hard/crtbegin.o
LOAD c:/st/stm32cubeide_1.11.0/stm32cubeide/plugins/com.st.stm32cube.ide.mcu.externaltools.gnu-tools-for-stm32.10.3-2021.10.win32_1.0.100.202210260954/tools/bin/../lib/gcc/arm-none-eabi/10.3.1/../../../../arm-none-eabi/lib/thumb/v7e-m+fp/hard/crt0.o
LOAD ./Core/Src/4x4_keypad.o
LOAD ./Core/Src/LDRSensor.o
LOAD ./Core/Src/LEDBarGraph.o
LOAD ./Core/Src/MotorDriver.o
LOAD ./Core/Src/Potentiometer.o
LOAD ./Core/Src/Thermistor.o
LOAD ./Core/Src/adc.o
LOAD ./Core/Src/croutine.o
LOAD ./Core/Src/event_groups.o
LOAD ./Core/Src/gpio.o
LOAD ./Core/Src/heap_4.o
LOAD ./Core/Src/lcd.o
LOAD ./Core/Src/list.o
LOAD ./Core/Src/main.o
LOAD ./Core/Src/port.o
LOAD ./Core/Src/queue.o
LOAD ./Core/Src/stm32f4xx_hal_msp.o
LOAD ./Core/Src/stm32f4xx_hal_timebase_tim.o
LOAD ./Core/Src/stm32f4xx_it.o
LOAD ./Core/Src/stream_buffer.o
LOAD ./Core/Src/syscalls.o
LOAD ./Core/Src/sysmem.o
LOAD ./Core/Src/system_stm32f4xx.o
LOAD ./Core/Src/tasks.o
LOAD ./Core/Src/tim.o
LOAD ./Core/Src/timers.o
LOAD ./Core/Startup/startup_stm32f405rgtx.o
LOAD ./Drivers/STM32F4xx_HAL_Driver/Src/stm32f4xx_hal.o
LOAD ./Drivers/STM32F4xx_HAL_Driver/Src/stm32f4xx_hal_adc.o
LOAD ./Drivers/STM32F4xx_HAL_Driver/Src/stm32f4xx_hal_adc_ex.o
LOAD ./Drivers/STM32F4xx_HAL_Driver/Src/stm32f4xx_hal_cortex.o
LOAD ./Drivers/STM32F4xx_HAL_Driver/Src/stm32f4xx_hal_dma.o
LOAD ./Drivers/STM32F4xx_HAL_Driver/Src/stm32f4xx_hal_dma_ex.o
LOAD ./Drivers/STM32F4xx_HAL_Driver/Src/stm32f4xx_hal_exti.o
LOAD ./Drivers/STM32F4xx_HAL_Driver/Src/stm32f4xx_hal_flash.o
LOAD ./Drivers/STM32F4xx_HAL_Driver/Src/stm32f4xx_hal_flash_ex.o
LOAD ./Drivers/STM32F4xx_HAL_Driver/Src/stm32f4xx_hal_flash_ramfunc.o
LOAD ./Drivers/STM32F4xx_HAL_Driver/Src/stm32f4xx_hal_gpio.o
LOAD ./Drivers/STM32F4xx_HAL_Driver/Src/stm32f4xx_hal_pwr.o
LOAD ./Drivers/STM32F4xx_HAL_Driver/Src/stm32f4xx_hal_pwr_ex.o
LOAD ./Drivers/STM32F4xx_HAL_Driver/Src/stm32f4xx_hal_rcc.o
LOAD ./Drivers/STM32F4xx_HAL_Driver/Src/stm32f4xx_hal_rcc_ex.o
LOAD ./Drivers/STM32F4xx_HAL_Driver/Src/stm32f4xx_hal_tim.o
LOAD ./Drivers/STM32F4xx_HAL_Driver/Src/stm32f4xx_hal_tim_ex.o
LOAD ./Drivers/STM32F4xx_HAL_Driver/Src/stm32f4xx_ll_adc.o
START GROUP
LOAD c:/st/stm32cubeide_1.11.0/stm32cubeide/plugins/com.st.stm32cube.ide.mcu.externaltools.gnu-tools-for-stm32.10.3-2021.10.win32_1.0.100.202210260954/tools/bin/../lib/gcc/arm-none-eabi/10.3.1/../../../../arm-none-eabi/lib/thumb/v7e-m+fp/hard\libstdc++_nano.a
LOAD c:/st/stm32cubeide_1.11.0/stm32cubeide/plugins/com.st.stm32cube.ide.mcu.externaltools.gnu-tools-for-stm32.10.3-2021.10.win32_1.0.100.202210260954/tools/bin/../lib/gcc/arm-none-eabi/10.3.1/../../../../arm-none-eabi/lib/thumb/v7e-m+fp/hard\libsupc++_nano.a
END GROUP
LOAD c:/st/stm32cubeide_1.11.0/stm32cubeide/plugins/com.st.stm32cube.ide.mcu.externaltools.gnu-tools-for-stm32.10.3-2021.10.win32_1.0.100.202210260954/tools/bin/../lib/gcc/arm-none-eabi/10.3.1/../../../../arm-none-eabi/lib/thumb/v7e-m+fp/hard\libstdc++_nano.a
LOAD c:/st/stm32cubeide_1.11.0/stm32cubeide/plugins/com.st.stm32cube.ide.mcu.externaltools.gnu-tools-for-stm32.10.3-2021.10.win32_1.0.100.202210260954/tools/bin/../lib/gcc/arm-none-eabi/10.3.1/../../../../arm-none-eabi/lib/thumb/v7e-m+fp/hard\libm.a
LOAD c:/st/stm32cubeide_1.11.0/stm32cubeide/plugins/com.st.stm32cube.ide.mcu.externaltools.gnu-tools-for-stm32.10.3-2021.10.win32_1.0.100.202210260954/tools/bin/../lib/gcc/arm-none-eabi/10.3.1/../../../../arm-none-eabi/lib/thumb/v7e-m+fp/hard\libc_nano.a
START GROUP
LOAD c:/st/stm32cubeide_1.11.0/stm32cubeide/plugins/com.st.stm32cube.ide.mcu.externaltools.gnu-tools-for-stm32.10.3-2021.10.win32_1.0.100.202210260954/tools/bin/../lib/gcc/arm-none-eabi/10.3.1/thumb/v7e-m+fp/hard\libgcc.a
LOAD c:/st/stm32cubeide_1.11.0/stm32cubeide/plugins/com.st.stm32cube.ide.mcu.externaltools.gnu-tools-for-stm32.10.3-2021.10.win32_1.0.100.202210260954/tools/bin/../lib/gcc/arm-none-eabi/10.3.1/../../../../arm-none-eabi/lib/thumb/v7e-m+fp/hard\libc_nano.a
END GROUP
START GROUP
LOAD c:/st/stm32cubeide_1.11.0/stm32cubeide/plugins/com.st.stm32cube.ide.mcu.externaltools.gnu-tools-for-stm32.10.3-2021.10.win32_1.0.100.202210260954/tools/bin/../lib/gcc/arm-none-eabi/10.3.1/thumb/v7e-m+fp/hard\libgcc.a
LOAD c:/st/stm32cubeide_1.11.0/stm32cubeide/plugins/com.st.stm32cube.ide.mcu.externaltools.gnu-tools-for-stm32.10.3-2021.10.win32_1.0.100.202210260954/tools/bin/../lib/gcc/arm-none-eabi/10.3.1/../../../../arm-none-eabi/lib/thumb/v7e-m+fp/hard\libc_nano.a
LOAD c:/st/stm32cubeide_1.11.0/stm32cubeide/plugins/com.st.stm32cube.ide.mcu.externaltools.gnu-tools-for-stm32.10.3-2021.10.win32_1.0.100.202210260954/tools/bin/../lib/gcc/arm-none-eabi/10.3.1/../../../../arm-none-eabi/lib/thumb/v7e-m+fp/hard\libnosys.a
END GROUP
START GROUP
LOAD c:/st/stm32cubeide_1.11.0/stm32cubeide/plugins/com.st.stm32cube.ide.mcu.externaltools.gnu-tools-for-stm32.10.3-2021.10.win32_1.0.100.202210260954/tools/bin/../lib/gcc/arm-none-eabi/10.3.1/thumb/v7e-m+fp/hard\libgcc.a
LOAD c:/st/stm32cubeide_1.11.0/stm32cubeide/plugins/com.st.stm32cube.ide.mcu.externaltools.gnu-tools-for-stm32.10.3-2021.10.win32_1.0.100.202210260954/tools/bin/../lib/gcc/arm-none-eabi/10.3.1/../../../../arm-none-eabi/lib/thumb/v7e-m+fp/hard\libc_nano.a
LOAD c:/st/stm32cubeide_1.11.0/stm32cubeide/plugins/com.st.stm32cube.ide.mcu.externaltools.gnu-tools-for-stm32.10.3-2021.10.win32_1.0.100.202210260954/tools/bin/../lib/gcc/arm-none-eabi/10.3.1/../../../../arm-none-eabi/lib/thumb/v7e-m+fp/hard\libnosys.a
END GROUP
LOAD c:/st/stm32cubeide_1.11.0/stm32cubeide/plugins/com.st.stm32cube.ide.mcu.externaltools.gnu-tools-for-stm32.10.3-2021.10.win32_1.0.100.202210260954/tools/bin/../lib/gcc/arm-none-eabi/10.3.1/thumb/v7e-m+fp/hard/crtend.o
LOAD c:/st/stm32cubeide_1.11.0/stm32cubeide/plugins/com.st.stm32cube.ide.mcu.externaltools.gnu-tools-for-stm32.10.3-2021.10.win32_1.0.100.202210260954/tools/bin/../lib/gcc/arm-none-eabi/10.3.1/thumb/v7e-m+fp/hard/crtn.o
                0x0000000020020000                _estack = (ORIGIN (RAM) + LENGTH (RAM))
                0x0000000000000200                _Min_Heap_Size = 0x200
                0x0000000000000400                _Min_Stack_Size = 0x400

.isr_vector     0x0000000008000000      0x188
                0x0000000008000000                . = ALIGN (0x4)
 *(.isr_vector)
 .isr_vector    0x0000000008000000      0x188 ./Core/Startup/startup_stm32f405rgtx.o
                0x0000000008000000                g_pfnVectors
                0x0000000008000188                . = ALIGN (0x4)

.text           0x0000000008000190     0x7cd8
                0x0000000008000190                . = ALIGN (0x4)
 *(.text)
 .text          0x0000000008000190       0x40 c:/st/stm32cubeide_1.11.0/stm32cubeide/plugins/com.st.stm32cube.ide.mcu.externaltools.gnu-tools-for-stm32.10.3-2021.10.win32_1.0.100.202210260954/tools/bin/../lib/gcc/arm-none-eabi/10.3.1/thumb/v7e-m+fp/hard/crtbegin.o
 .text          0x00000000080001d0       0x14 c:/st/stm32cubeide_1.11.0/stm32cubeide/plugins/com.st.stm32cube.ide.mcu.externaltools.gnu-tools-for-stm32.10.3-2021.10.win32_1.0.100.202210260954/tools/bin/../lib/gcc/arm-none-eabi/10.3.1/../../../../arm-none-eabi/lib/thumb/v7e-m+fp/hard\libc_nano.a(lib_a-strcmp.o)
                0x00000000080001d0                strcmp
 *fill*         0x00000000080001e4        0xc 
 .text          0x00000000080001f0       0xa0 c:/st/stm32cubeide_1.11.0/stm32cubeide/plugins/com.st.stm32cube.ide.mcu.externaltools.gnu-tools-for-stm32.10.3-2021.10.win32_1.0.100.202210260954/tools/bin/../lib/gcc/arm-none-eabi/10.3.1/../../../../arm-none-eabi/lib/thumb/v7e-m+fp/hard\libc_nano.a(lib_a-memchr.o)
                0x00000000080001f0                memchr
 .text          0x0000000008000290      0x378 c:/st/stm32cubeide_1.11.0/stm32cubeide/plugins/com.st.stm32cube.ide.mcu.externaltools.gnu-tools-for-stm32.10.3-2021.10.win32_1.0.100.202210260954/tools/bin/../lib/gcc/arm-none-eabi/10.3.1/thumb/v7e-m+fp/hard\libgcc.a(_arm_addsubdf3.o)
                0x0000000008000290                __aeabi_drsub
                0x0000000008000298                __aeabi_dsub
                0x0000000008000298                __subdf3
                0x000000000800029c                __aeabi_dadd
                0x000000000800029c                __adddf3
                0x0000000008000514                __floatunsidf
                0x0000000008000514                __aeabi_ui2d
                0x0000000008000534                __floatsidf
                0x0000000008000534                __aeabi_i2d
                0x0000000008000558                __aeabi_f2d
                0x0000000008000558                __extendsfdf2
                0x000000000800059c                __floatundidf
                0x000000000800059c                __aeabi_ul2d
                0x00000000080005ac                __floatdidf
                0x00000000080005ac                __aeabi_l2d
 .text          0x0000000008000608      0x424 c:/st/stm32cubeide_1.11.0/stm32cubeide/plugins/com.st.stm32cube.ide.mcu.externaltools.gnu-tools-for-stm32.10.3-2021.10.win32_1.0.100.202210260954/tools/bin/../lib/gcc/arm-none-eabi/10.3.1/thumb/v7e-m+fp/hard\libgcc.a(_arm_muldivdf3.o)
                0x0000000008000608                __aeabi_dmul
                0x0000000008000608                __muldf3
                0x000000000800085c                __divdf3
                0x000000000800085c                __aeabi_ddiv
 .text          0x0000000008000a2c      0x110 c:/st/stm32cubeide_1.11.0/stm32cubeide/plugins/com.st.stm32cube.ide.mcu.externaltools.gnu-tools-for-stm32.10.3-2021.10.win32_1.0.100.202210260954/tools/bin/../lib/gcc/arm-none-eabi/10.3.1/thumb/v7e-m+fp/hard\libgcc.a(_arm_cmpdf2.o)
                0x0000000008000a2c                __gtdf2
                0x0000000008000a2c                __gedf2
                0x0000000008000a34                __ltdf2
                0x0000000008000a34                __ledf2
                0x0000000008000a3c                __nedf2
                0x0000000008000a3c                __eqdf2
                0x0000000008000a3c                __cmpdf2
                0x0000000008000ab8                __aeabi_cdrcmple
                0x0000000008000ac8                __aeabi_cdcmpeq
                0x0000000008000ac8                __aeabi_cdcmple
                0x0000000008000ad8                __aeabi_dcmpeq
                0x0000000008000aec                __aeabi_dcmplt
                0x0000000008000b00                __aeabi_dcmple
                0x0000000008000b14                __aeabi_dcmpge
                0x0000000008000b28                __aeabi_dcmpgt
 .text          0x0000000008000b3c       0x2c c:/st/stm32cubeide_1.11.0/stm32cubeide/plugins/com.st.stm32cube.ide.mcu.externaltools.gnu-tools-for-stm32.10.3-2021.10.win32_1.0.100.202210260954/tools/bin/../lib/gcc/arm-none-eabi/10.3.1/thumb/v7e-m+fp/hard\libgcc.a(_arm_unorddf2.o)
                0x0000000008000b3c                __unorddf2
                0x0000000008000b3c                __aeabi_dcmpun
 .text          0x0000000008000b68       0xa0 c:/st/stm32cubeide_1.11.0/stm32cubeide/plugins/com.st.stm32cube.ide.mcu.externaltools.gnu-tools-for-stm32.10.3-2021.10.win32_1.0.100.202210260954/tools/bin/../lib/gcc/arm-none-eabi/10.3.1/thumb/v7e-m+fp/hard\libgcc.a(_arm_truncdfsf2.o)
                0x0000000008000b68                __truncdfsf2
                0x0000000008000b68                __aeabi_d2f
 .text          0x0000000008000c08       0x30 c:/st/stm32cubeide_1.11.0/stm32cubeide/plugins/com.st.stm32cube.ide.mcu.externaltools.gnu-tools-for-stm32.10.3-2021.10.win32_1.0.100.202210260954/tools/bin/../lib/gcc/arm-none-eabi/10.3.1/thumb/v7e-m+fp/hard\libgcc.a(_aeabi_uldivmod.o)
                0x0000000008000c08                __aeabi_uldivmod
 .text          0x0000000008000c38      0x2d0 c:/st/stm32cubeide_1.11.0/stm32cubeide/plugins/com.st.stm32cube.ide.mcu.externaltools.gnu-tools-for-stm32.10.3-2021.10.win32_1.0.100.202210260954/tools/bin/../lib/gcc/arm-none-eabi/10.3.1/thumb/v7e-m+fp/hard\libgcc.a(_udivmoddi4.o)
                0x0000000008000c38                __udivmoddi4
 .text          0x0000000008000f08        0x4 c:/st/stm32cubeide_1.11.0/stm32cubeide/plugins/com.st.stm32cube.ide.mcu.externaltools.gnu-tools-for-stm32.10.3-2021.10.win32_1.0.100.202210260954/tools/bin/../lib/gcc/arm-none-eabi/10.3.1/thumb/v7e-m+fp/hard\libgcc.a(_dvmd_tls.o)
                0x0000000008000f08                __aeabi_idiv0
                0x0000000008000f08                __aeabi_ldiv0
 *(.text*)
 .text.Keypad_GPIO_Init
                0x0000000008000f0c      0x20c ./Core/Src/4x4_keypad.o
                0x0000000008000f0c                Keypad_GPIO_Init
 .text.Keypad_Init
                0x0000000008001118       0x74 ./Core/Src/4x4_keypad.o
                0x0000000008001118                Keypad_Init
 .text.Keypad_Scan
                0x000000000800118c       0xf8 ./Core/Src/4x4_keypad.o
                0x000000000800118c                Keypad_Scan
 .text._ZN9LDRSensorC2EP12GPIO_TypeDeft
                0x0000000008001284       0x28 ./Core/Src/LDRSensor.o
                0x0000000008001284                LDRSensor::LDRSensor(GPIO_TypeDef*, unsigned short)
                0x0000000008001284                LDRSensor::LDRSensor(GPIO_TypeDef*, unsigned short)
 .text._ZN9LDRSensor15isLightDetectedEv
                0x00000000080012ac       0x30 ./Core/Src/LDRSensor.o
                0x00000000080012ac                LDRSensor::isLightDetected()
 .text._ZN11LEDBarGraphC2EPP12GPIO_TypeDefPt
                0x00000000080012dc       0x52 ./Core/Src/LEDBarGraph.o
                0x00000000080012dc                LEDBarGraph::LEDBarGraph(GPIO_TypeDef**, unsigned short*)
                0x00000000080012dc                LEDBarGraph::LEDBarGraph(GPIO_TypeDef**, unsigned short*)
 *fill*         0x000000000800132e        0x2 
 .text._ZN11LEDBarGraph8setLevelEh
                0x0000000008001330       0x60 ./Core/Src/LEDBarGraph.o
                0x0000000008001330                LEDBarGraph::setLevel(unsigned char)
 .text._ZN11MotorDriverC2EP17TIM_HandleTypeDefmP12GPIO_TypeDeft
                0x0000000008001390       0x34 ./Core/Src/MotorDriver.o
                0x0000000008001390                MotorDriver::MotorDriver(TIM_HandleTypeDef*, unsigned long, GPIO_TypeDef*, unsigned short)
                0x0000000008001390                MotorDriver::MotorDriver(TIM_HandleTypeDef*, unsigned long, GPIO_TypeDef*, unsigned short)
 .text._ZN11MotorDriver5beginEv
                0x00000000080013c4       0x30 ./Core/Src/MotorDriver.o
                0x00000000080013c4                MotorDriver::begin()
 .text._ZN11MotorDriver8setSpeedEt
                0x00000000080013f4       0x5e ./Core/Src/MotorDriver.o
                0x00000000080013f4                MotorDriver::setSpeed(unsigned short)
 .text._ZN9ADCDeviceC2EP17ADC_HandleTypeDef
                0x0000000008001452       0x1e ./Core/Src/Potentiometer.o
                0x0000000008001452                ADCDevice::ADCDevice(ADC_HandleTypeDef*)
                0x0000000008001452                ADCDevice::ADCDevice(ADC_HandleTypeDef*)
 .text._ZN9ADCDevice7readRawEv
                0x0000000008001470       0x6c ./Core/Src/Potentiometer.o
                0x0000000008001470                ADCDevice::readRaw()
 .text._ZN9ADCDevice14readPercentageEv
                0x00000000080014dc       0x48 ./Core/Src/Potentiometer.o
                0x00000000080014dc                ADCDevice::readPercentage()
 .text._ZN16ThermistorModuleC2EP17ADC_HandleTypeDefP12GPIO_TypeDeft
                0x0000000008001524       0x60 ./Core/Src/Thermistor.o
                0x0000000008001524                ThermistorModule::ThermistorModule(ADC_HandleTypeDef*, GPIO_TypeDef*, unsigned short)
                0x0000000008001524                ThermistorModule::ThermistorModule(ADC_HandleTypeDef*, GPIO_TypeDef*, unsigned short)
 .text._ZN16ThermistorModule10readRawADCEv
                0x0000000008001584       0x42 ./Core/Src/Thermistor.o
                0x0000000008001584                ThermistorModule::readRawADC()
 *fill*         0x00000000080015c6        0x2 
 .text._ZN16ThermistorModule11readVoltageEv
                0x00000000080015c8       0x3c ./Core/Src/Thermistor.o
                0x00000000080015c8                ThermistorModule::readVoltage()
 .text._ZN16ThermistorModule21getTemperatureCelsiusEv
                0x0000000008001604       0xfc ./Core/Src/Thermistor.o
                0x0000000008001604                ThermistorModule::getTemperatureCelsius()
 .text.MX_ADC1_Init
                0x0000000008001700       0xa4 ./Core/Src/adc.o
                0x0000000008001700                MX_ADC1_Init
 .text.MX_ADC2_Init
                0x00000000080017a4       0xa4 ./Core/Src/adc.o
                0x00000000080017a4                MX_ADC2_Init
 .text.HAL_ADC_MspInit
                0x0000000008001848       0xec ./Core/Src/adc.o
                0x0000000008001848                HAL_ADC_MspInit
 .text.MX_GPIO_Init
                0x0000000008001934      0x150 ./Core/Src/gpio.o
                0x0000000008001934                MX_GPIO_Init
 .text.pvPortMalloc
                0x0000000008001a84      0x174 ./Core/Src/heap_4.o
                0x0000000008001a84                pvPortMalloc
 .text.vPortFree
                0x0000000008001bf8       0xb8 ./Core/Src/heap_4.o
                0x0000000008001bf8                vPortFree
 .text.prvHeapInit
                0x0000000008001cb0       0xb8 ./Core/Src/heap_4.o
 .text.prvInsertBlockIntoFreeList
                0x0000000008001d68       0xb4 ./Core/Src/heap_4.o
 .text.SetOutput
                0x0000000008001e1c       0x42 ./Core/Src/lcd.o
                0x0000000008001e1c                SetOutput
 .text.SetBit   0x0000000008001e5e       0x28 ./Core/Src/lcd.o
                0x0000000008001e5e                SetBit
 .text.ClrBit   0x0000000008001e86       0x2a ./Core/Src/lcd.o
                0x0000000008001e86                ClrBit
 .text.DelayLcd
                0x0000000008001eb0       0x2e ./Core/Src/lcd.o
                0x0000000008001eb0                DelayLcd
 *fill*         0x0000000008001ede        0x2 
 .text.LcdInit  0x0000000008001ee0       0x84 ./Core/Src/lcd.o
                0x0000000008001ee0                LcdInit
 .text.LcdFxn   0x0000000008001f64      0x160 ./Core/Src/lcd.o
                0x0000000008001f64                LcdFxn
 .text.lprint   0x00000000080020c4       0x50 ./Core/Src/lcd.o
                0x00000000080020c4                lprint
 .text.vListInitialise
                0x0000000008002114       0x40 ./Core/Src/list.o
                0x0000000008002114                vListInitialise
 .text.vListInitialiseItem
                0x0000000008002154       0x1a ./Core/Src/list.o
                0x0000000008002154                vListInitialiseItem
 .text.vListInsert
                0x000000000800216e       0x72 ./Core/Src/list.o
                0x000000000800216e                vListInsert
 .text.uxListRemove
                0x00000000080021e0       0x54 ./Core/Src/list.o
                0x00000000080021e0                uxListRemove
 .text._Z10SensorTaskPv
                0x0000000008002234       0xc8 ./Core/Src/main.o
                0x0000000008002234                SensorTask(void*)
 .text._Z12ActuatorTaskPv
                0x00000000080022fc      0x138 ./Core/Src/main.o
                0x00000000080022fc                ActuatorTask(void*)
 .text._Z11DisplayTaskPv
                0x0000000008002434      0x1ac ./Core/Src/main.o
                0x0000000008002434                DisplayTask(void*)
 .text._Z12PasswordTaskPv
                0x00000000080025e0      0x194 ./Core/Src/main.o
                0x00000000080025e0                PasswordTask(void*)
 .text.main     0x0000000008002774       0x74 ./Core/Src/main.o
                0x0000000008002774                main
 .text._Z18SystemClock_Configv
                0x00000000080027e8       0xe8 ./Core/Src/main.o
                0x00000000080027e8                SystemClock_Config()
 .text._Z11SmokeDetectv
                0x00000000080028d0       0x24 ./Core/Src/main.o
                0x00000000080028d0                SmokeDetect()
 .text.HAL_TIM_PeriodElapsedCallback
                0x00000000080028f4       0x24 ./Core/Src/main.o
                0x00000000080028f4                HAL_TIM_PeriodElapsedCallback
 .text.Error_Handler
                0x0000000008002918        0xa ./Core/Src/main.o
                0x0000000008002918                Error_Handler
 *fill*         0x0000000008002922        0x2 
 .text._Z41__static_initialization_and_destruction_0ii
                0x0000000008002924       0x9c ./Core/Src/main.o
 .text._GLOBAL__sub_I_key
                0x00000000080029c0       0x10 ./Core/Src/main.o
 .text.pxPortInitialiseStack
                0x00000000080029d0       0x68 ./Core/Src/port.o
                0x00000000080029d0                pxPortInitialiseStack
 .text.prvTaskExitError
                0x0000000008002a38       0x58 ./Core/Src/port.o
 .text.SVC_Handler
                0x0000000008002a90       0x28 ./Core/Src/port.o
                0x0000000008002a90                SVC_Handler
 .text.prvPortStartFirstTask
                0x0000000008002ab8       0x2c ./Core/Src/port.o
 .text.xPortStartScheduler
                0x0000000008002ae4      0x144 ./Core/Src/port.o
                0x0000000008002ae4                xPortStartScheduler
 .text.vPortEnterCritical
                0x0000000008002c28       0x60 ./Core/Src/port.o
                0x0000000008002c28                vPortEnterCritical
 .text.vPortExitCritical
                0x0000000008002c88       0x54 ./Core/Src/port.o
                0x0000000008002c88                vPortExitCritical
 *fill*         0x0000000008002cdc        0x4 
 .text.PendSV_Handler
                0x0000000008002ce0       0x68 ./Core/Src/port.o
                0x0000000008002ce0                PendSV_Handler
 .text.SysTick_Handler
                0x0000000008002d48       0x44 ./Core/Src/port.o
                0x0000000008002d48                SysTick_Handler
 .text.vPortSetupTimerInterrupt
                0x0000000008002d8c       0x48 ./Core/Src/port.o
                0x0000000008002d8c                vPortSetupTimerInterrupt
 .text.vPortEnableVFP
                0x0000000008002dd4       0x18 ./Core/Src/port.o
 .text.xQueueGenericReset
                0x0000000008002dec      0x120 ./Core/Src/queue.o
                0x0000000008002dec                xQueueGenericReset
 .text.xQueueGenericCreate
                0x0000000008002f0c       0x9c ./Core/Src/queue.o
                0x0000000008002f0c                xQueueGenericCreate
 .text.prvInitialiseNewQueue
                0x0000000008002fa8       0x46 ./Core/Src/queue.o
 *fill*         0x0000000008002fee        0x2 
 .text.xQueueReceive
                0x0000000008002ff0      0x1c0 ./Core/Src/queue.o
                0x0000000008002ff0                xQueueReceive
 .text.prvCopyDataFromQueue
                0x00000000080031b0       0x4c ./Core/Src/queue.o
 .text.prvUnlockQueue
                0x00000000080031fc       0xa4 ./Core/Src/queue.o
 .text.prvIsQueueEmpty
                0x00000000080032a0       0x2c ./Core/Src/queue.o
 .text.vQueueAddToRegistry
                0x00000000080032cc       0x9c ./Core/Src/queue.o
                0x00000000080032cc                vQueueAddToRegistry
 .text.vQueueWaitForMessageRestricted
                0x0000000008003368       0x68 ./Core/Src/queue.o
                0x0000000008003368                vQueueWaitForMessageRestricted
 .text.HAL_MspInit
                0x00000000080033d0       0x50 ./Core/Src/stm32f4xx_hal_msp.o
                0x00000000080033d0                HAL_MspInit
 .text.HAL_InitTick
                0x0000000008003420       0xe8 ./Core/Src/stm32f4xx_hal_timebase_tim.o
                0x0000000008003420                HAL_InitTick
 .text.NMI_Handler
                0x0000000008003508        0x6 ./Core/Src/stm32f4xx_it.o
                0x0000000008003508                NMI_Handler
 .text.HardFault_Handler
                0x000000000800350e        0x6 ./Core/Src/stm32f4xx_it.o
                0x000000000800350e                HardFault_Handler
 .text.MemManage_Handler
                0x0000000008003514        0x6 ./Core/Src/stm32f4xx_it.o
                0x0000000008003514                MemManage_Handler
 .text.BusFault_Handler
                0x000000000800351a        0x6 ./Core/Src/stm32f4xx_it.o
                0x000000000800351a                BusFault_Handler
 .text.UsageFault_Handler
                0x0000000008003520        0x6 ./Core/Src/stm32f4xx_it.o
                0x0000000008003520                UsageFault_Handler
 .text.DebugMon_Handler
                0x0000000008003526        0xe ./Core/Src/stm32f4xx_it.o
                0x0000000008003526                DebugMon_Handler
 .text.TIM1_UP_TIM10_IRQHandler
                0x0000000008003534       0x14 ./Core/Src/stm32f4xx_it.o
                0x0000000008003534                TIM1_UP_TIM10_IRQHandler
 .text._sbrk    0x0000000008003548       0x6c ./Core/Src/sysmem.o
                0x0000000008003548                _sbrk
 .text.SystemInit
                0x00000000080035b4       0x24 ./Core/Src/system_stm32f4xx.o
                0x00000000080035b4                SystemInit
 .text.xTaskCreate
                0x00000000080035d8       0x8c ./Core/Src/tasks.o
                0x00000000080035d8                xTaskCreate
 .text.prvInitialiseNewTask
                0x0000000008003664      0x11c ./Core/Src/tasks.o
 .text.prvAddNewTaskToReadyList
                0x0000000008003780      0x12c ./Core/Src/tasks.o
 .text.vTaskDelay
                0x00000000080038ac       0x68 ./Core/Src/tasks.o
                0x00000000080038ac                vTaskDelay
 .text.vTaskStartScheduler
                0x0000000008003914       0xa4 ./Core/Src/tasks.o
                0x0000000008003914                vTaskStartScheduler
 .text.vTaskSuspendAll
                0x00000000080039b8       0x1c ./Core/Src/tasks.o
                0x00000000080039b8                vTaskSuspendAll
 .text.xTaskResumeAll
                0x00000000080039d4      0x1f8 ./Core/Src/tasks.o
                0x00000000080039d4                xTaskResumeAll
 .text.xTaskGetTickCount
                0x0000000008003bcc       0x20 ./Core/Src/tasks.o
                0x0000000008003bcc                xTaskGetTickCount
 .text.xTaskIncrementTick
                0x0000000008003bec      0x22c ./Core/Src/tasks.o
                0x0000000008003bec                xTaskIncrementTick
 .text.vTaskSwitchContext
                0x0000000008003e18       0xb8 ./Core/Src/tasks.o
                0x0000000008003e18                vTaskSwitchContext
 .text.vTaskPlaceOnEventList
                0x0000000008003ed0       0x48 ./Core/Src/tasks.o
                0x0000000008003ed0                vTaskPlaceOnEventList
 .text.vTaskPlaceOnEventListRestricted
                0x0000000008003f18       0x8c ./Core/Src/tasks.o
                0x0000000008003f18                vTaskPlaceOnEventListRestricted
 .text.xTaskRemoveFromEventList
                0x0000000008003fa4      0x1ac ./Core/Src/tasks.o
                0x0000000008003fa4                xTaskRemoveFromEventList
 .text.vTaskInternalSetTimeOutState
                0x0000000008004150       0x2c ./Core/Src/tasks.o
                0x0000000008004150                vTaskInternalSetTimeOutState
 .text.xTaskCheckForTimeOut
                0x000000000800417c       0xcc ./Core/Src/tasks.o
                0x000000000800417c                xTaskCheckForTimeOut
 .text.vTaskMissedYield
                0x0000000008004248       0x18 ./Core/Src/tasks.o
                0x0000000008004248                vTaskMissedYield
 .text.prvIdleTask
                0x0000000008004260       0x30 ./Core/Src/tasks.o
 .text.prvInitialiseTaskLists
                0x0000000008004290       0x80 ./Core/Src/tasks.o
 .text.prvCheckTasksWaitingTermination
                0x0000000008004310       0x5c ./Core/Src/tasks.o
 .text.prvDeleteTCB
                0x000000000800436c       0x20 ./Core/Src/tasks.o
 .text.prvResetNextTaskUnblockTime
                0x000000000800438c       0x38 ./Core/Src/tasks.o
 .text.xTaskGetSchedulerState
                0x00000000080043c4       0x3c ./Core/Src/tasks.o
                0x00000000080043c4                xTaskGetSchedulerState
 .text.prvAddCurrentTaskToDelayedList
                0x0000000008004400      0x100 ./Core/Src/tasks.o
 .text.MX_TIM3_Init
                0x0000000008004500       0xc8 ./Core/Src/tim.o
                0x0000000008004500                MX_TIM3_Init
 .text.HAL_TIM_PWM_MspInit
                0x00000000080045c8       0x44 ./Core/Src/tim.o
                0x00000000080045c8                HAL_TIM_PWM_MspInit
 .text.HAL_TIM_MspPostInit
                0x000000000800460c       0x74 ./Core/Src/tim.o
                0x000000000800460c                HAL_TIM_MspPostInit
 .text.xTimerCreateTimerTask
                0x0000000008004680       0x64 ./Core/Src/timers.o
                0x0000000008004680                xTimerCreateTimerTask
 .text.prvReloadTimer
                0x00000000080046e4       0x42 ./Core/Src/timers.o
 *fill*         0x0000000008004726        0x2 
 .text.prvProcessExpiredTimer
                0x0000000008004728       0x60 ./Core/Src/timers.o
 .text.prvTimerTask
                0x0000000008004788       0x24 ./Core/Src/timers.o
 .text.prvProcessTimerOrBlockTask
                0x00000000080047ac       0x9c ./Core/Src/timers.o
 .text.prvGetNextExpireTime
                0x0000000008004848       0x48 ./Core/Src/timers.o
 .text.prvSampleTimeNow
                0x0000000008004890       0x40 ./Core/Src/timers.o
 .text.prvInsertTimerInActiveList
                0x00000000080048d0       0x84 ./Core/Src/timers.o
 .text.prvProcessReceivedCommands
                0x0000000008004954      0x17c ./Core/Src/timers.o
 .text.prvSwitchTimerLists
                0x0000000008004ad0       0x4c ./Core/Src/timers.o
 .text.prvCheckForValidListAndQueue
                0x0000000008004b1c       0x6c ./Core/Src/timers.o
 .text.Reset_Handler
                0x0000000008004b88       0x50 ./Core/Startup/startup_stm32f405rgtx.o
                0x0000000008004b88                Reset_Handler
 .text.Default_Handler
                0x0000000008004bd8        0x2 ./Core/Startup/startup_stm32f405rgtx.o
                0x0000000008004bd8                RTC_Alarm_IRQHandler
                0x0000000008004bd8                HASH_RNG_IRQHandler
                0x0000000008004bd8                EXTI2_IRQHandler
                0x0000000008004bd8                TIM8_CC_IRQHandler
                0x0000000008004bd8                TIM1_CC_IRQHandler
                0x0000000008004bd8                DMA2_Stream5_IRQHandler
                0x0000000008004bd8                DMA1_Stream5_IRQHandler
                0x0000000008004bd8                PVD_IRQHandler
                0x0000000008004bd8                SDIO_IRQHandler
                0x0000000008004bd8                TAMP_STAMP_IRQHandler
                0x0000000008004bd8                CAN2_RX1_IRQHandler
                0x0000000008004bd8                EXTI3_IRQHandler
                0x0000000008004bd8                TIM8_TRG_COM_TIM14_IRQHandler
                0x0000000008004bd8                TIM8_UP_TIM13_IRQHandler
                0x0000000008004bd8                I2C3_ER_IRQHandler
                0x0000000008004bd8                EXTI0_IRQHandler
                0x0000000008004bd8                I2C2_EV_IRQHandler
                0x0000000008004bd8                DMA1_Stream2_IRQHandler
                0x0000000008004bd8                CAN1_RX0_IRQHandler
                0x0000000008004bd8                FPU_IRQHandler
                0x0000000008004bd8                OTG_HS_WKUP_IRQHandler
                0x0000000008004bd8                CAN2_SCE_IRQHandler
                0x0000000008004bd8                DMA2_Stream2_IRQHandler
                0x0000000008004bd8                SPI1_IRQHandler
                0x0000000008004bd8                TIM6_DAC_IRQHandler
                0x0000000008004bd8                TIM1_BRK_TIM9_IRQHandler
                0x0000000008004bd8                CAN2_RX0_IRQHandler
                0x0000000008004bd8                DMA2_Stream3_IRQHandler
                0x0000000008004bd8                USART6_IRQHandler
                0x0000000008004bd8                USART3_IRQHandler
                0x0000000008004bd8                CAN1_RX1_IRQHandler
                0x0000000008004bd8                UART5_IRQHandler
                0x0000000008004bd8                DMA2_Stream0_IRQHandler
                0x0000000008004bd8                TIM4_IRQHandler
                0x0000000008004bd8                I2C1_EV_IRQHandler
                0x0000000008004bd8                DMA1_Stream6_IRQHandler
                0x0000000008004bd8                DMA1_Stream1_IRQHandler
                0x0000000008004bd8                UART4_IRQHandler
                0x0000000008004bd8                TIM3_IRQHandler
                0x0000000008004bd8                RCC_IRQHandler
                0x0000000008004bd8                TIM8_BRK_TIM12_IRQHandler
                0x0000000008004bd8                Default_Handler
                0x0000000008004bd8                EXTI15_10_IRQHandler
                0x0000000008004bd8                ADC_IRQHandler
                0x0000000008004bd8                DMA1_Stream7_IRQHandler
                0x0000000008004bd8                TIM7_IRQHandler
                0x0000000008004bd8                CAN2_TX_IRQHandler
                0x0000000008004bd8                TIM5_IRQHandler
                0x0000000008004bd8                DMA2_Stream7_IRQHandler
                0x0000000008004bd8                I2C3_EV_IRQHandler
                0x0000000008004bd8                EXTI9_5_IRQHandler
                0x0000000008004bd8                RTC_WKUP_IRQHandler
                0x0000000008004bd8                SPI2_IRQHandler
                0x0000000008004bd8                OTG_HS_EP1_IN_IRQHandler
                0x0000000008004bd8                DMA1_Stream0_IRQHandler
                0x0000000008004bd8                CAN1_TX_IRQHandler
                0x0000000008004bd8                EXTI4_IRQHandler
                0x0000000008004bd8                FSMC_IRQHandler
                0x0000000008004bd8                OTG_HS_EP1_OUT_IRQHandler
                0x0000000008004bd8                WWDG_IRQHandler
                0x0000000008004bd8                TIM2_IRQHandler
                0x0000000008004bd8                OTG_FS_WKUP_IRQHandler
                0x0000000008004bd8                TIM1_TRG_COM_TIM11_IRQHandler
                0x0000000008004bd8                OTG_HS_IRQHandler
                0x0000000008004bd8                EXTI1_IRQHandler
                0x0000000008004bd8                USART2_IRQHandler
                0x0000000008004bd8                I2C2_ER_IRQHandler
                0x0000000008004bd8                DMA2_Stream1_IRQHandler
                0x0000000008004bd8                CAN1_SCE_IRQHandler
                0x0000000008004bd8                FLASH_IRQHandler
                0x0000000008004bd8                DMA2_Stream4_IRQHandler
                0x0000000008004bd8                USART1_IRQHandler
                0x0000000008004bd8                OTG_FS_IRQHandler
                0x0000000008004bd8                SPI3_IRQHandler
                0x0000000008004bd8                DMA1_Stream4_IRQHandler
                0x0000000008004bd8                I2C1_ER_IRQHandler
                0x0000000008004bd8                DMA2_Stream6_IRQHandler
                0x0000000008004bd8                DMA1_Stream3_IRQHandler
 *fill*         0x0000000008004bda        0x2 
 .text.HAL_Init
                0x0000000008004bdc       0x44 ./Drivers/STM32F4xx_HAL_Driver/Src/stm32f4xx_hal.o
                0x0000000008004bdc                HAL_Init
 .text.HAL_IncTick
                0x0000000008004c20       0x28 ./Drivers/STM32F4xx_HAL_Driver/Src/stm32f4xx_hal.o
                0x0000000008004c20                HAL_IncTick
 .text.HAL_GetTick
                0x0000000008004c48       0x18 ./Drivers/STM32F4xx_HAL_Driver/Src/stm32f4xx_hal.o
                0x0000000008004c48                HAL_GetTick
 .text.HAL_Delay
                0x0000000008004c60       0x48 ./Drivers/STM32F4xx_HAL_Driver/Src/stm32f4xx_hal.o
                0x0000000008004c60                HAL_Delay
 .text.HAL_ADC_Init
                0x0000000008004ca8       0x86 ./Drivers/STM32F4xx_HAL_Driver/Src/stm32f4xx_hal_adc.o
                0x0000000008004ca8                HAL_ADC_Init
 *fill*         0x0000000008004d2e        0x2 
 .text.HAL_ADC_Start
                0x0000000008004d30      0x1a4 ./Drivers/STM32F4xx_HAL_Driver/Src/stm32f4xx_hal_adc.o
                0x0000000008004d30                HAL_ADC_Start
 .text.HAL_ADC_Stop
                0x0000000008004ed4       0x66 ./Drivers/STM32F4xx_HAL_Driver/Src/stm32f4xx_hal_adc.o
                0x0000000008004ed4                HAL_ADC_Stop
 .text.HAL_ADC_PollForConversion
                0x0000000008004f3a      0x116 ./Drivers/STM32F4xx_HAL_Driver/Src/stm32f4xx_hal_adc.o
                0x0000000008004f3a                HAL_ADC_PollForConversion
 .text.HAL_ADC_GetValue
                0x0000000008005050       0x1a ./Drivers/STM32F4xx_HAL_Driver/Src/stm32f4xx_hal_adc.o
                0x0000000008005050                HAL_ADC_GetValue
 *fill*         0x000000000800506a        0x2 
 .text.HAL_ADC_ConfigChannel
                0x000000000800506c      0x244 ./Drivers/STM32F4xx_HAL_Driver/Src/stm32f4xx_hal_adc.o
                0x000000000800506c                HAL_ADC_ConfigChannel
 .text.ADC_Init
                0x00000000080052b0      0x1f8 ./Drivers/STM32F4xx_HAL_Driver/Src/stm32f4xx_hal_adc.o
 .text.__NVIC_SetPriorityGrouping
                0x00000000080054a8       0x48 ./Drivers/STM32F4xx_HAL_Driver/Src/stm32f4xx_hal_cortex.o
 .text.__NVIC_GetPriorityGrouping
                0x00000000080054f0       0x1c ./Drivers/STM32F4xx_HAL_Driver/Src/stm32f4xx_hal_cortex.o
 .text.__NVIC_EnableIRQ
                0x000000000800550c       0x3c ./Drivers/STM32F4xx_HAL_Driver/Src/stm32f4xx_hal_cortex.o
 .text.__NVIC_SetPriority
                0x0000000008005548       0x54 ./Drivers/STM32F4xx_HAL_Driver/Src/stm32f4xx_hal_cortex.o
 .text.NVIC_EncodePriority
                0x000000000800559c       0x66 ./Drivers/STM32F4xx_HAL_Driver/Src/stm32f4xx_hal_cortex.o
 .text.HAL_NVIC_SetPriorityGrouping
                0x0000000008005602       0x16 ./Drivers/STM32F4xx_HAL_Driver/Src/stm32f4xx_hal_cortex.o
                0x0000000008005602                HAL_NVIC_SetPriorityGrouping
 .text.HAL_NVIC_SetPriority
                0x0000000008005618       0x38 ./Drivers/STM32F4xx_HAL_Driver/Src/stm32f4xx_hal_cortex.o
                0x0000000008005618                HAL_NVIC_SetPriority
 .text.HAL_NVIC_EnableIRQ
                0x0000000008005650       0x1c ./Drivers/STM32F4xx_HAL_Driver/Src/stm32f4xx_hal_cortex.o
                0x0000000008005650                HAL_NVIC_EnableIRQ
 .text.HAL_GPIO_Init
                0x000000000800566c      0x338 ./Drivers/STM32F4xx_HAL_Driver/Src/stm32f4xx_hal_gpio.o
                0x000000000800566c                HAL_GPIO_Init
 .text.HAL_GPIO_ReadPin
                0x00000000080059a4       0x30 ./Drivers/STM32F4xx_HAL_Driver/Src/stm32f4xx_hal_gpio.o
                0x00000000080059a4                HAL_GPIO_ReadPin
 .text.HAL_GPIO_WritePin
                0x00000000080059d4       0x32 ./Drivers/STM32F4xx_HAL_Driver/Src/stm32f4xx_hal_gpio.o
                0x00000000080059d4                HAL_GPIO_WritePin
 .text.HAL_GPIO_TogglePin
                0x0000000008005a06       0x34 ./Drivers/STM32F4xx_HAL_Driver/Src/stm32f4xx_hal_gpio.o
                0x0000000008005a06                HAL_GPIO_TogglePin
 *fill*         0x0000000008005a3a        0x2 
 .text.HAL_RCC_OscConfig
                0x0000000008005a3c      0x4f0 ./Drivers/STM32F4xx_HAL_Driver/Src/stm32f4xx_hal_rcc.o
                0x0000000008005a3c                HAL_RCC_OscConfig
 .text.HAL_RCC_ClockConfig
                0x0000000008005f2c      0x1cc ./Drivers/STM32F4xx_HAL_Driver/Src/stm32f4xx_hal_rcc.o
                0x0000000008005f2c                HAL_RCC_ClockConfig
 .text.HAL_RCC_GetSysClockFreq
                0x00000000080060f8      0x18c ./Drivers/STM32F4xx_HAL_Driver/Src/stm32f4xx_hal_rcc.o
                0x00000000080060f8                HAL_RCC_GetSysClockFreq
 .text.HAL_RCC_GetHCLKFreq
                0x0000000008006284       0x18 ./Drivers/STM32F4xx_HAL_Driver/Src/stm32f4xx_hal_rcc.o
                0x0000000008006284                HAL_RCC_GetHCLKFreq
 .text.HAL_RCC_GetPCLK2Freq
                0x000000000800629c       0x28 ./Drivers/STM32F4xx_HAL_Driver/Src/stm32f4xx_hal_rcc.o
                0x000000000800629c                HAL_RCC_GetPCLK2Freq
 .text.HAL_RCC_GetClockConfig
                0x00000000080062c4       0x64 ./Drivers/STM32F4xx_HAL_Driver/Src/stm32f4xx_hal_rcc.o
                0x00000000080062c4                HAL_RCC_GetClockConfig
 .text.HAL_TIM_Base_Init
                0x0000000008006328       0x9e ./Drivers/STM32F4xx_HAL_Driver/Src/stm32f4xx_hal_tim.o
                0x0000000008006328                HAL_TIM_Base_Init
 .text.HAL_TIM_Base_MspInit
                0x00000000080063c6       0x14 ./Drivers/STM32F4xx_HAL_Driver/Src/stm32f4xx_hal_tim.o
                0x00000000080063c6                HAL_TIM_Base_MspInit
 *fill*         0x00000000080063da        0x2 
 .text.HAL_TIM_Base_Start_IT
                0x00000000080063dc       0xe0 ./Drivers/STM32F4xx_HAL_Driver/Src/stm32f4xx_hal_tim.o
                0x00000000080063dc                HAL_TIM_Base_Start_IT
 .text.HAL_TIM_PWM_Init
                0x00000000080064bc       0x9e ./Drivers/STM32F4xx_HAL_Driver/Src/stm32f4xx_hal_tim.o
                0x00000000080064bc                HAL_TIM_PWM_Init
 *fill*         0x000000000800655a        0x2 
 .text.HAL_TIM_PWM_Start
                0x000000000800655c      0x190 ./Drivers/STM32F4xx_HAL_Driver/Src/stm32f4xx_hal_tim.o
                0x000000000800655c                HAL_TIM_PWM_Start
 .text.HAL_TIM_IRQHandler
                0x00000000080066ec      0x210 ./Drivers/STM32F4xx_HAL_Driver/Src/stm32f4xx_hal_tim.o
                0x00000000080066ec                HAL_TIM_IRQHandler
 .text.HAL_TIM_PWM_ConfigChannel
                0x00000000080068fc      0x184 ./Drivers/STM32F4xx_HAL_Driver/Src/stm32f4xx_hal_tim.o
                0x00000000080068fc                HAL_TIM_PWM_ConfigChannel
 .text.HAL_TIM_OC_DelayElapsedCallback
                0x0000000008006a80       0x14 ./Drivers/STM32F4xx_HAL_Driver/Src/stm32f4xx_hal_tim.o
                0x0000000008006a80                HAL_TIM_OC_DelayElapsedCallback
 .text.HAL_TIM_IC_CaptureCallback
                0x0000000008006a94       0x14 ./Drivers/STM32F4xx_HAL_Driver/Src/stm32f4xx_hal_tim.o
                0x0000000008006a94                HAL_TIM_IC_CaptureCallback
 .text.HAL_TIM_PWM_PulseFinishedCallback
                0x0000000008006aa8       0x14 ./Drivers/STM32F4xx_HAL_Driver/Src/stm32f4xx_hal_tim.o
                0x0000000008006aa8                HAL_TIM_PWM_PulseFinishedCallback
 .text.HAL_TIM_TriggerCallback
                0x0000000008006abc       0x14 ./Drivers/STM32F4xx_HAL_Driver/Src/stm32f4xx_hal_tim.o
                0x0000000008006abc                HAL_TIM_TriggerCallback
 .text.TIM_Base_SetConfig
                0x0000000008006ad0      0x140 ./Drivers/STM32F4xx_HAL_Driver/Src/stm32f4xx_hal_tim.o
                0x0000000008006ad0                TIM_Base_SetConfig
 .text.TIM_OC1_SetConfig
                0x0000000008006c10       0xe0 ./Drivers/STM32F4xx_HAL_Driver/Src/stm32f4xx_hal_tim.o
 .text.TIM_OC2_SetConfig
                0x0000000008006cf0       0xec ./Drivers/STM32F4xx_HAL_Driver/Src/stm32f4xx_hal_tim.o
                0x0000000008006cf0                TIM_OC2_SetConfig
 .text.TIM_OC3_SetConfig
                0x0000000008006ddc       0xe8 ./Drivers/STM32F4xx_HAL_Driver/Src/stm32f4xx_hal_tim.o
 .text.TIM_OC4_SetConfig
                0x0000000008006ec4       0xac ./Drivers/STM32F4xx_HAL_Driver/Src/stm32f4xx_hal_tim.o
 .text.TIM_CCxChannelCmd
                0x0000000008006f70       0x4a ./Drivers/STM32F4xx_HAL_Driver/Src/stm32f4xx_hal_tim.o
                0x0000000008006f70                TIM_CCxChannelCmd
 *fill*         0x0000000008006fba        0x2 
 .text.HAL_TIMEx_MasterConfigSynchronization
                0x0000000008006fbc       0xf8 ./Drivers/STM32F4xx_HAL_Driver/Src/stm32f4xx_hal_tim_ex.o
                0x0000000008006fbc                HAL_TIMEx_MasterConfigSynchronization
 .text.HAL_TIMEx_CommutCallback
                0x00000000080070b4       0x14 ./Drivers/STM32F4xx_HAL_Driver/Src/stm32f4xx_hal_tim_ex.o
                0x00000000080070b4                HAL_TIMEx_CommutCallback
 .text.HAL_TIMEx_BreakCallback
                0x00000000080070c8       0x14 ./Drivers/STM32F4xx_HAL_Driver/Src/stm32f4xx_hal_tim_ex.o
                0x00000000080070c8                HAL_TIMEx_BreakCallback
 *fill*         0x00000000080070dc        0x4 
 .text.log      0x00000000080070e0       0x7c c:/st/stm32cubeide_1.11.0/stm32cubeide/plugins/com.st.stm32cube.ide.mcu.externaltools.gnu-tools-for-stm32.10.3-2021.10.win32_1.0.100.202210260954/tools/bin/../lib/gcc/arm-none-eabi/10.3.1/../../../../arm-none-eabi/lib/thumb/v7e-m+fp/hard\libm.a(lib_a-w_log.o)
                0x00000000080070e0                log
 *fill*         0x000000000800715c        0x4 
 .text.__ieee754_log
                0x0000000008007160      0x374 c:/st/stm32cubeide_1.11.0/stm32cubeide/plugins/com.st.stm32cube.ide.mcu.externaltools.gnu-tools-for-stm32.10.3-2021.10.win32_1.0.100.202210260954/tools/bin/../lib/gcc/arm-none-eabi/10.3.1/../../../../arm-none-eabi/lib/thumb/v7e-m+fp/hard\libm.a(lib_a-e_log.o)
                0x0000000008007160                __ieee754_log
 *fill*         0x00000000080074d4        0x4 
 .text.nan      0x00000000080074d8       0x10 c:/st/stm32cubeide_1.11.0/stm32cubeide/plugins/com.st.stm32cube.ide.mcu.externaltools.gnu-tools-for-stm32.10.3-2021.10.win32_1.0.100.202210260954/tools/bin/../lib/gcc/arm-none-eabi/10.3.1/../../../../arm-none-eabi/lib/thumb/v7e-m+fp/hard\libm.a(lib_a-s_nan.o)
                0x00000000080074d8                nan
 .text.__errno  0x00000000080074e8        0xc c:/st/stm32cubeide_1.11.0/stm32cubeide/plugins/com.st.stm32cube.ide.mcu.externaltools.gnu-tools-for-stm32.10.3-2021.10.win32_1.0.100.202210260954/tools/bin/../lib/gcc/arm-none-eabi/10.3.1/../../../../arm-none-eabi/lib/thumb/v7e-m+fp/hard\libc_nano.a(lib_a-errno.o)
                0x00000000080074e8                __errno
 .text.__libc_init_array
                0x00000000080074f4       0x48 c:/st/stm32cubeide_1.11.0/stm32cubeide/plugins/com.st.stm32cube.ide.mcu.externaltools.gnu-tools-for-stm32.10.3-2021.10.win32_1.0.100.202210260954/tools/bin/../lib/gcc/arm-none-eabi/10.3.1/../../../../arm-none-eabi/lib/thumb/v7e-m+fp/hard\libc_nano.a(lib_a-init.o)
                0x00000000080074f4                __libc_init_array
 .text.memcpy   0x000000000800753c       0x1c c:/st/stm32cubeide_1.11.0/stm32cubeide/plugins/com.st.stm32cube.ide.mcu.externaltools.gnu-tools-for-stm32.10.3-2021.10.win32_1.0.100.202210260954/tools/bin/../lib/gcc/arm-none-eabi/10.3.1/../../../../arm-none-eabi/lib/thumb/v7e-m+fp/hard\libc_nano.a(lib_a-memcpy-stub.o)
                0x000000000800753c                memcpy
 .text.memset   0x0000000008007558       0x10 c:/st/stm32cubeide_1.11.0/stm32cubeide/plugins/com.st.stm32cube.ide.mcu.externaltools.gnu-tools-for-stm32.10.3-2021.10.win32_1.0.100.202210260954/tools/bin/../lib/gcc/arm-none-eabi/10.3.1/../../../../arm-none-eabi/lib/thumb/v7e-m+fp/hard\libc_nano.a(lib_a-memset.o)
                0x0000000008007558                memset
 .text.snprintf
                0x0000000008007568       0x68 c:/st/stm32cubeide_1.11.0/stm32cubeide/plugins/com.st.stm32cube.ide.mcu.externaltools.gnu-tools-for-stm32.10.3-2021.10.win32_1.0.100.202210260954/tools/bin/../lib/gcc/arm-none-eabi/10.3.1/../../../../arm-none-eabi/lib/thumb/v7e-m+fp/hard\libc_nano.a(lib_a-snprintf.o)
                0x0000000008007568                sniprintf
                0x0000000008007568                snprintf
 .text.__ssputs_r
                0x00000000080075d0       0xb6 c:/st/stm32cubeide_1.11.0/stm32cubeide/plugins/com.st.stm32cube.ide.mcu.externaltools.gnu-tools-for-stm32.10.3-2021.10.win32_1.0.100.202210260954/tools/bin/../lib/gcc/arm-none-eabi/10.3.1/../../../../arm-none-eabi/lib/thumb/v7e-m+fp/hard\libc_nano.a(lib_a-nano-svfprintf.o)
                0x00000000080075d0                __ssputs_r
 *fill*         0x0000000008007686        0x2 
 .text._svfprintf_r
                0x0000000008007688      0x200 c:/st/stm32cubeide_1.11.0/stm32cubeide/plugins/com.st.stm32cube.ide.mcu.externaltools.gnu-tools-for-stm32.10.3-2021.10.win32_1.0.100.202210260954/tools/bin/../lib/gcc/arm-none-eabi/10.3.1/../../../../arm-none-eabi/lib/thumb/v7e-m+fp/hard\libc_nano.a(lib_a-nano-svfprintf.o)
                0x0000000008007688                _svfiprintf_r
                0x0000000008007688                _svfprintf_r
 .text._printf_common
                0x0000000008007888       0xda c:/st/stm32cubeide_1.11.0/stm32cubeide/plugins/com.st.stm32cube.ide.mcu.externaltools.gnu-tools-for-stm32.10.3-2021.10.win32_1.0.100.202210260954/tools/bin/../lib/gcc/arm-none-eabi/10.3.1/../../../../arm-none-eabi/lib/thumb/v7e-m+fp/hard\libc_nano.a(lib_a-nano-vfprintf_i.o)
                0x0000000008007888                _printf_common
 *fill*         0x0000000008007962        0x2 
 .text._printf_i
                0x0000000008007964      0x24c c:/st/stm32cubeide_1.11.0/stm32cubeide/plugins/com.st.stm32cube.ide.mcu.externaltools.gnu-tools-for-stm32.10.3-2021.10.win32_1.0.100.202210260954/tools/bin/../lib/gcc/arm-none-eabi/10.3.1/../../../../arm-none-eabi/lib/thumb/v7e-m+fp/hard\libc_nano.a(lib_a-nano-vfprintf_i.o)
                0x0000000008007964                _printf_i
 .text.memmove  0x0000000008007bb0       0x34 c:/st/stm32cubeide_1.11.0/stm32cubeide/plugins/com.st.stm32cube.ide.mcu.externaltools.gnu-tools-for-stm32.10.3-2021.10.win32_1.0.100.202210260954/tools/bin/../lib/gcc/arm-none-eabi/10.3.1/../../../../arm-none-eabi/lib/thumb/v7e-m+fp/hard\libc_nano.a(lib_a-memmove.o)
                0x0000000008007bb0                memmove
 .text._free_r  0x0000000008007be4       0x98 c:/st/stm32cubeide_1.11.0/stm32cubeide/plugins/com.st.stm32cube.ide.mcu.externaltools.gnu-tools-for-stm32.10.3-2021.10.win32_1.0.100.202210260954/tools/bin/../lib/gcc/arm-none-eabi/10.3.1/../../../../arm-none-eabi/lib/thumb/v7e-m+fp/hard\libc_nano.a(lib_a-nano-freer.o)
                0x0000000008007be4                _free_r
 .text.sbrk_aligned
                0x0000000008007c7c       0x40 c:/st/stm32cubeide_1.11.0/stm32cubeide/plugins/com.st.stm32cube.ide.mcu.externaltools.gnu-tools-for-stm32.10.3-2021.10.win32_1.0.100.202210260954/tools/bin/../lib/gcc/arm-none-eabi/10.3.1/../../../../arm-none-eabi/lib/thumb/v7e-m+fp/hard\libc_nano.a(lib_a-nano-mallocr.o)
 .text._malloc_r
                0x0000000008007cbc       0xe8 c:/st/stm32cubeide_1.11.0/stm32cubeide/plugins/com.st.stm32cube.ide.mcu.externaltools.gnu-tools-for-stm32.10.3-2021.10.win32_1.0.100.202210260954/tools/bin/../lib/gcc/arm-none-eabi/10.3.1/../../../../arm-none-eabi/lib/thumb/v7e-m+fp/hard\libc_nano.a(lib_a-nano-mallocr.o)
                0x0000000008007cbc                _malloc_r
 .text._realloc_r
                0x0000000008007da4       0x5e c:/st/stm32cubeide_1.11.0/stm32cubeide/plugins/com.st.stm32cube.ide.mcu.externaltools.gnu-tools-for-stm32.10.3-2021.10.win32_1.0.100.202210260954/tools/bin/../lib/gcc/arm-none-eabi/10.3.1/../../../../arm-none-eabi/lib/thumb/v7e-m+fp/hard\libc_nano.a(lib_a-nano-reallocr.o)
                0x0000000008007da4                _realloc_r
 *fill*         0x0000000008007e02        0x2 
 .text._sbrk_r  0x0000000008007e04       0x20 c:/st/stm32cubeide_1.11.0/stm32cubeide/plugins/com.st.stm32cube.ide.mcu.externaltools.gnu-tools-for-stm32.10.3-2021.10.win32_1.0.100.202210260954/tools/bin/../lib/gcc/arm-none-eabi/10.3.1/../../../../arm-none-eabi/lib/thumb/v7e-m+fp/hard\libc_nano.a(lib_a-sbrkr.o)
                0x0000000008007e04                _sbrk_r
 .text.__malloc_lock
                0x0000000008007e24        0xc c:/st/stm32cubeide_1.11.0/stm32cubeide/plugins/com.st.stm32cube.ide.mcu.externaltools.gnu-tools-for-stm32.10.3-2021.10.win32_1.0.100.202210260954/tools/bin/../lib/gcc/arm-none-eabi/10.3.1/../../../../arm-none-eabi/lib/thumb/v7e-m+fp/hard\libc_nano.a(lib_a-mlock.o)
                0x0000000008007e24                __malloc_lock
 .text.__malloc_unlock
                0x0000000008007e30        0xc c:/st/stm32cubeide_1.11.0/stm32cubeide/plugins/com.st.stm32cube.ide.mcu.externaltools.gnu-tools-for-stm32.10.3-2021.10.win32_1.0.100.202210260954/tools/bin/../lib/gcc/arm-none-eabi/10.3.1/../../../../arm-none-eabi/lib/thumb/v7e-m+fp/hard\libc_nano.a(lib_a-mlock.o)
                0x0000000008007e30                __malloc_unlock
 .text._malloc_usable_size_r
                0x0000000008007e3c       0x10 c:/st/stm32cubeide_1.11.0/stm32cubeide/plugins/com.st.stm32cube.ide.mcu.externaltools.gnu-tools-for-stm32.10.3-2021.10.win32_1.0.100.202210260954/tools/bin/../lib/gcc/arm-none-eabi/10.3.1/../../../../arm-none-eabi/lib/thumb/v7e-m+fp/hard\libc_nano.a(lib_a-nano-msizer.o)
                0x0000000008007e3c                _malloc_usable_size_r
 .text.__retarget_lock_acquire_recursive
                0x0000000008007e4c        0x2 c:/st/stm32cubeide_1.11.0/stm32cubeide/plugins/com.st.stm32cube.ide.mcu.externaltools.gnu-tools-for-stm32.10.3-2021.10.win32_1.0.100.202210260954/tools/bin/../lib/gcc/arm-none-eabi/10.3.1/../../../../arm-none-eabi/lib/thumb/v7e-m+fp/hard\libc_nano.a(lib_a-lock.o)
                0x0000000008007e4c                __retarget_lock_acquire_recursive
 .text.__retarget_lock_release_recursive
                0x0000000008007e4e        0x2 c:/st/stm32cubeide_1.11.0/stm32cubeide/plugins/com.st.stm32cube.ide.mcu.externaltools.gnu-tools-for-stm32.10.3-2021.10.win32_1.0.100.202210260954/tools/bin/../lib/gcc/arm-none-eabi/10.3.1/../../../../arm-none-eabi/lib/thumb/v7e-m+fp/hard\libc_nano.a(lib_a-lock.o)
                0x0000000008007e4e                __retarget_lock_release_recursive
 *(.glue_7)
 .glue_7        0x0000000008007e50        0x0 linker stubs
 *(.glue_7t)
 .glue_7t       0x0000000008007e50        0x0 linker stubs
 *(.eh_frame)
 .eh_frame      0x0000000008007e50        0x0 c:/st/stm32cubeide_1.11.0/stm32cubeide/plugins/com.st.stm32cube.ide.mcu.externaltools.gnu-tools-for-stm32.10.3-2021.10.win32_1.0.100.202210260954/tools/bin/../lib/gcc/arm-none-eabi/10.3.1/thumb/v7e-m+fp/hard/crtbegin.o
 *(.init)
 .init          0x0000000008007e50        0x4 c:/st/stm32cubeide_1.11.0/stm32cubeide/plugins/com.st.stm32cube.ide.mcu.externaltools.gnu-tools-for-stm32.10.3-2021.10.win32_1.0.100.202210260954/tools/bin/../lib/gcc/arm-none-eabi/10.3.1/thumb/v7e-m+fp/hard/crti.o
                0x0000000008007e50                _init
 .init          0x0000000008007e54        0x8 c:/st/stm32cubeide_1.11.0/stm32cubeide/plugins/com.st.stm32cube.ide.mcu.externaltools.gnu-tools-for-stm32.10.3-2021.10.win32_1.0.100.202210260954/tools/bin/../lib/gcc/arm-none-eabi/10.3.1/thumb/v7e-m+fp/hard/crtn.o
 *(.fini)
 .fini          0x0000000008007e5c        0x4 c:/st/stm32cubeide_1.11.0/stm32cubeide/plugins/com.st.stm32cube.ide.mcu.externaltools.gnu-tools-for-stm32.10.3-2021.10.win32_1.0.100.202210260954/tools/bin/../lib/gcc/arm-none-eabi/10.3.1/thumb/v7e-m+fp/hard/crti.o
                0x0000000008007e5c                _fini
 .fini          0x0000000008007e60        0x8 c:/st/stm32cubeide_1.11.0/stm32cubeide/plugins/com.st.stm32cube.ide.mcu.externaltools.gnu-tools-for-stm32.10.3-2021.10.win32_1.0.100.202210260954/tools/bin/../lib/gcc/arm-none-eabi/10.3.1/thumb/v7e-m+fp/hard/crtn.o
                0x0000000008007e68                . = ALIGN (0x4)
                0x0000000008007e68                _etext = .

.vfp11_veneer   0x0000000008007e68        0x0
 .vfp11_veneer  0x0000000008007e68        0x0 linker stubs

.v4_bx          0x0000000008007e68        0x0
 .v4_bx         0x0000000008007e68        0x0 linker stubs

.iplt           0x0000000008007e68        0x0
 .iplt          0x0000000008007e68        0x0 c:/st/stm32cubeide_1.11.0/stm32cubeide/plugins/com.st.stm32cube.ide.mcu.externaltools.gnu-tools-for-stm32.10.3-2021.10.win32_1.0.100.202210260954/tools/bin/../lib/gcc/arm-none-eabi/10.3.1/thumb/v7e-m+fp/hard/crtbegin.o

.rodata         0x0000000008007e68      0x18c
                0x0000000008007e68                . = ALIGN (0x4)
 *(.rodata)
 .rodata        0x0000000008007e68      0x118 ./Core/Src/main.o
 .rodata        0x0000000008007f80        0x5 ./Core/Src/tasks.o
 *fill*         0x0000000008007f85        0x3 
 .rodata        0x0000000008007f88        0xd ./Core/Src/timers.o
 *(.rodata*)
 *fill*         0x0000000008007f95        0x3 
 .rodata.DEFAULT_KEYMAP
                0x0000000008007f98       0x10 ./Core/Src/4x4_keypad.o
 .rodata.AHBPrescTable
                0x0000000008007fa8       0x10 ./Core/Src/system_stm32f4xx.o
                0x0000000008007fa8                AHBPrescTable
 .rodata.APBPrescTable
                0x0000000008007fb8        0x8 ./Core/Src/system_stm32f4xx.o
                0x0000000008007fb8                APBPrescTable
 .rodata.log.str1.1
                0x0000000008007fc0        0x0 c:/st/stm32cubeide_1.11.0/stm32cubeide/plugins/com.st.stm32cube.ide.mcu.externaltools.gnu-tools-for-stm32.10.3-2021.10.win32_1.0.100.202210260954/tools/bin/../lib/gcc/arm-none-eabi/10.3.1/../../../../arm-none-eabi/lib/thumb/v7e-m+fp/hard\libm.a(lib_a-w_log.o)
                                          0x1 (size before relaxing)
 .rodata._svfprintf_r.str1.1
                0x0000000008007fc0       0x11 c:/st/stm32cubeide_1.11.0/stm32cubeide/plugins/com.st.stm32cube.ide.mcu.externaltools.gnu-tools-for-stm32.10.3-2021.10.win32_1.0.100.202210260954/tools/bin/../lib/gcc/arm-none-eabi/10.3.1/../../../../arm-none-eabi/lib/thumb/v7e-m+fp/hard\libc_nano.a(lib_a-nano-svfprintf.o)
 .rodata._printf_i.str1.1
                0x0000000008007fd1       0x22 c:/st/stm32cubeide_1.11.0/stm32cubeide/plugins/com.st.stm32cube.ide.mcu.externaltools.gnu-tools-for-stm32.10.3-2021.10.win32_1.0.100.202210260954/tools/bin/../lib/gcc/arm-none-eabi/10.3.1/../../../../arm-none-eabi/lib/thumb/v7e-m+fp/hard\libc_nano.a(lib_a-nano-vfprintf_i.o)
                0x0000000008007ff4                . = ALIGN (0x4)
 *fill*         0x0000000008007ff3        0x1 

.ARM.extab      0x0000000008007ff4        0x0
                0x0000000008007ff4                . = ALIGN (0x4)
 *(.ARM.extab* .gnu.linkonce.armextab.*)
                0x0000000008007ff4                . = ALIGN (0x4)

.ARM            0x0000000008007ff4        0x8
                0x0000000008007ff4                . = ALIGN (0x4)
                0x0000000008007ff4                __exidx_start = .
 *(.ARM.exidx*)
 .ARM.exidx     0x0000000008007ff4        0x8 c:/st/stm32cubeide_1.11.0/stm32cubeide/plugins/com.st.stm32cube.ide.mcu.externaltools.gnu-tools-for-stm32.10.3-2021.10.win32_1.0.100.202210260954/tools/bin/../lib/gcc/arm-none-eabi/10.3.1/thumb/v7e-m+fp/hard\libgcc.a(_udivmoddi4.o)
                0x0000000008007ffc                __exidx_end = .
                0x0000000008007ffc                . = ALIGN (0x4)

.rel.dyn        0x0000000008007ffc        0x0
 .rel.iplt      0x0000000008007ffc        0x0 c:/st/stm32cubeide_1.11.0/stm32cubeide/plugins/com.st.stm32cube.ide.mcu.externaltools.gnu-tools-for-stm32.10.3-2021.10.win32_1.0.100.202210260954/tools/bin/../lib/gcc/arm-none-eabi/10.3.1/thumb/v7e-m+fp/hard/crtbegin.o

.preinit_array  0x0000000008007ffc        0x0
                0x0000000008007ffc                . = ALIGN (0x4)
                0x0000000008007ffc                PROVIDE (__preinit_array_start = .)
 *(.preinit_array*)
                0x0000000008007ffc                PROVIDE (__preinit_array_end = .)
                0x0000000008007ffc                . = ALIGN (0x4)

.init_array     0x0000000008007ffc        0x8
                0x0000000008007ffc                . = ALIGN (0x4)
                0x0000000008007ffc                PROVIDE (__init_array_start = .)
 *(SORT_BY_NAME(.init_array.*))
 *(.init_array*)
 .init_array    0x0000000008007ffc        0x4 c:/st/stm32cubeide_1.11.0/stm32cubeide/plugins/com.st.stm32cube.ide.mcu.externaltools.gnu-tools-for-stm32.10.3-2021.10.win32_1.0.100.202210260954/tools/bin/../lib/gcc/arm-none-eabi/10.3.1/thumb/v7e-m+fp/hard/crtbegin.o
 .init_array    0x0000000008008000        0x4 ./Core/Src/main.o
                0x0000000008008004                PROVIDE (__init_array_end = .)
                0x0000000008008004                . = ALIGN (0x4)

.fini_array     0x0000000008008004        0x4
                0x0000000008008004                . = ALIGN (0x4)
                [!provide]                        PROVIDE (__fini_array_start = .)
 *(SORT_BY_NAME(.fini_array.*))
 *(.fini_array*)
 .fini_array    0x0000000008008004        0x4 c:/st/stm32cubeide_1.11.0/stm32cubeide/plugins/com.st.stm32cube.ide.mcu.externaltools.gnu-tools-for-stm32.10.3-2021.10.win32_1.0.100.202210260954/tools/bin/../lib/gcc/arm-none-eabi/10.3.1/thumb/v7e-m+fp/hard/crtbegin.o
                [!provide]                        PROVIDE (__fini_array_end = .)
                0x0000000008008008                . = ALIGN (0x4)
                0x0000000008008008                _sidata = LOADADDR (.data)

.data           0x0000000020000000       0xf4 load address 0x0000000008008008
                0x0000000020000000                . = ALIGN (0x4)
                0x0000000020000000                _sdata = .
 *(.data)
 *(.data*)
 .data.led_ports
                0x0000000020000000       0x28 ./Core/Src/main.o
                0x0000000020000000                led_ports
 .data.led_pins
                0x0000000020000028       0x14 ./Core/Src/main.o
                0x0000000020000028                led_pins
 .data.keypad1  0x000000002000003c       0x40 ./Core/Src/main.o
                0x000000002000003c                keypad1
 .data.uxCriticalNesting
                0x000000002000007c        0x4 ./Core/Src/port.o
 .data.SystemCoreClock
                0x0000000020000080        0x4 ./Core/Src/system_stm32f4xx.o
                0x0000000020000080                SystemCoreClock
 .data.uxTopUsedPriority
                0x0000000020000084        0x4 ./Core/Src/tasks.o
                0x0000000020000084                uxTopUsedPriority
 .data.uwTickPrio
                0x0000000020000088        0x4 ./Drivers/STM32F4xx_HAL_Driver/Src/stm32f4xx_hal.o
                0x0000000020000088                uwTickPrio
 .data.uwTickFreq
                0x000000002000008c        0x1 ./Drivers/STM32F4xx_HAL_Driver/Src/stm32f4xx_hal.o
                0x000000002000008c                uwTickFreq
 *fill*         0x000000002000008d        0x3 
 .data._impure_ptr
                0x0000000020000090        0x4 c:/st/stm32cubeide_1.11.0/stm32cubeide/plugins/com.st.stm32cube.ide.mcu.externaltools.gnu-tools-for-stm32.10.3-2021.10.win32_1.0.100.202210260954/tools/bin/../lib/gcc/arm-none-eabi/10.3.1/../../../../arm-none-eabi/lib/thumb/v7e-m+fp/hard\libc_nano.a(lib_a-impure.o)
                0x0000000020000090                _impure_ptr
 .data.impure_data
                0x0000000020000094       0x60 c:/st/stm32cubeide_1.11.0/stm32cubeide/plugins/com.st.stm32cube.ide.mcu.externaltools.gnu-tools-for-stm32.10.3-2021.10.win32_1.0.100.202210260954/tools/bin/../lib/gcc/arm-none-eabi/10.3.1/../../../../arm-none-eabi/lib/thumb/v7e-m+fp/hard\libc_nano.a(lib_a-impure.o)
 *(.RamFunc)
 *(.RamFunc*)
                0x00000000200000f4                . = ALIGN (0x4)
                0x00000000200000f4                _edata = .
                0x00000000080080fc                _siccmram = LOADADDR (.ccmram)

.igot.plt       0x00000000200000f4        0x0 load address 0x00000000080080fc
 .igot.plt      0x00000000200000f4        0x0 c:/st/stm32cubeide_1.11.0/stm32cubeide/plugins/com.st.stm32cube.ide.mcu.externaltools.gnu-tools-for-stm32.10.3-2021.10.win32_1.0.100.202210260954/tools/bin/../lib/gcc/arm-none-eabi/10.3.1/thumb/v7e-m+fp/hard/crtbegin.o

.ccmram         0x0000000010000000        0x0 load address 0x00000000080080fc
                0x0000000010000000                . = ALIGN (0x4)
                0x0000000010000000                _sccmram = .
 *(.ccmram)
 *(.ccmram*)
                0x0000000010000000                . = ALIGN (0x4)
                0x0000000010000000                _eccmram = .
                0x0000000010000000                . = ALIGN (0x4)

.bss            0x00000000200000f4    0x12f9c
                0x00000000200000f4                _sbss = .
                0x00000000200000f4                __bss_start__ = _sbss
 *(.bss)
 .bss           0x00000000200000f4       0x1c c:/st/stm32cubeide_1.11.0/stm32cubeide/plugins/com.st.stm32cube.ide.mcu.externaltools.gnu-tools-for-stm32.10.3-2021.10.win32_1.0.100.202210260954/tools/bin/../lib/gcc/arm-none-eabi/10.3.1/thumb/v7e-m+fp/hard/crtbegin.o
 *(.bss*)
 .bss.r         0x0000000020000110        0x4 ./Core/Src/4x4_keypad.o
                0x0000000020000110                r
 .bss.c         0x0000000020000114        0x4 ./Core/Src/4x4_keypad.o
                0x0000000020000114                c
 .bss.x         0x0000000020000118        0x4 ./Core/Src/4x4_keypad.o
                0x0000000020000118                x
 .bss.hadc1     0x000000002000011c       0x48 ./Core/Src/adc.o
                0x000000002000011c                hadc1
 .bss.hadc2     0x0000000020000164       0x48 ./Core/Src/adc.o
                0x0000000020000164                hadc2
 .bss.ucHeap    0x00000000200001ac    0x12c00 ./Core/Src/heap_4.o
 .bss.xStart    0x0000000020012dac        0x8 ./Core/Src/heap_4.o
 .bss.pxEnd     0x0000000020012db4        0x4 ./Core/Src/heap_4.o
 .bss.xFreeBytesRemaining
                0x0000000020012db8        0x4 ./Core/Src/heap_4.o
 .bss.xMinimumEverFreeBytesRemaining
                0x0000000020012dbc        0x4 ./Core/Src/heap_4.o
 .bss.xNumberOfSuccessfulAllocations
                0x0000000020012dc0        0x4 ./Core/Src/heap_4.o
 .bss.xNumberOfSuccessfulFrees
                0x0000000020012dc4        0x4 ./Core/Src/heap_4.o
 .bss.key       0x0000000020012dc8        0x1 ./Core/Src/main.o
                0x0000000020012dc8                key
 *fill*         0x0000000020012dc9        0x3 
 .bss.GasSensor
                0x0000000020012dcc        0x4 ./Core/Src/main.o
                0x0000000020012dcc                GasSensor
 .bss.TempSensor
                0x0000000020012dd0       0x20 ./Core/Src/main.o
                0x0000000020012dd0                TempSensor
 .bss.led_bargraph
                0x0000000020012df0       0x3c ./Core/Src/main.o
                0x0000000020012df0                led_bargraph
 .bss.FireSensor
                0x0000000020012e2c        0x8 ./Core/Src/main.o
                0x0000000020012e2c                FireSensor
 .bss.WaterPump
                0x0000000020012e34       0x10 ./Core/Src/main.o
                0x0000000020012e34                WaterPump
 .bss.FanMotor  0x0000000020012e44       0x10 ./Core/Src/main.o
                0x0000000020012e44                FanMotor
 .bss.fire_detected
                0x0000000020012e54        0x1 ./Core/Src/main.o
                0x0000000020012e54                fire_detected
 .bss.smoke_detected
                0x0000000020012e55        0x1 ./Core/Src/main.o
                0x0000000020012e55                smoke_detected
 .bss.gas_detected
                0x0000000020012e56        0x1 ./Core/Src/main.o
                0x0000000020012e56                gas_detected
 *fill*         0x0000000020012e57        0x1 
 .bss.temperature
                0x0000000020012e58        0x4 ./Core/Src/main.o
                0x0000000020012e58                temperature
 .bss.gas_percent
                0x0000000020012e5c        0x4 ./Core/Src/main.o
                0x0000000020012e5c                gas_percent
 .bss.ucMaxSysCallPriority
                0x0000000020012e60        0x1 ./Core/Src/port.o
 *fill*         0x0000000020012e61        0x3 
 .bss.ulMaxPRIGROUPValue
                0x0000000020012e64        0x4 ./Core/Src/port.o
 .bss.xQueueRegistry
                0x0000000020012e68       0x40 ./Core/Src/queue.o
                0x0000000020012e68                xQueueRegistry
 .bss.htim1     0x0000000020012ea8       0x48 ./Core/Src/stm32f4xx_hal_timebase_tim.o
                0x0000000020012ea8                htim1
 .bss.__sbrk_heap_end
                0x0000000020012ef0        0x4 ./Core/Src/sysmem.o
 .bss.pxCurrentTCB
                0x0000000020012ef4        0x4 ./Core/Src/tasks.o
                0x0000000020012ef4                pxCurrentTCB
 .bss.pxReadyTasksLists
                0x0000000020012ef8       0x64 ./Core/Src/tasks.o
 .bss.xDelayedTaskList1
                0x0000000020012f5c       0x14 ./Core/Src/tasks.o
 .bss.xDelayedTaskList2
                0x0000000020012f70       0x14 ./Core/Src/tasks.o
 .bss.pxDelayedTaskList
                0x0000000020012f84        0x4 ./Core/Src/tasks.o
 .bss.pxOverflowDelayedTaskList
                0x0000000020012f88        0x4 ./Core/Src/tasks.o
 .bss.xPendingReadyList
                0x0000000020012f8c       0x14 ./Core/Src/tasks.o
 .bss.xTasksWaitingTermination
                0x0000000020012fa0       0x14 ./Core/Src/tasks.o
 .bss.uxDeletedTasksWaitingCleanUp
                0x0000000020012fb4        0x4 ./Core/Src/tasks.o
 .bss.xSuspendedTaskList
                0x0000000020012fb8       0x14 ./Core/Src/tasks.o
 .bss.uxCurrentNumberOfTasks
                0x0000000020012fcc        0x4 ./Core/Src/tasks.o
 .bss.xTickCount
                0x0000000020012fd0        0x4 ./Core/Src/tasks.o
 .bss.uxTopReadyPriority
                0x0000000020012fd4        0x4 ./Core/Src/tasks.o
 .bss.xSchedulerRunning
                0x0000000020012fd8        0x4 ./Core/Src/tasks.o
 .bss.xPendedTicks
                0x0000000020012fdc        0x4 ./Core/Src/tasks.o
 .bss.xYieldPending
                0x0000000020012fe0        0x4 ./Core/Src/tasks.o
 .bss.xNumOfOverflows
                0x0000000020012fe4        0x4 ./Core/Src/tasks.o
 .bss.uxTaskNumber
                0x0000000020012fe8        0x4 ./Core/Src/tasks.o
 .bss.xNextTaskUnblockTime
                0x0000000020012fec        0x4 ./Core/Src/tasks.o
 .bss.xIdleTaskHandle
                0x0000000020012ff0        0x4 ./Core/Src/tasks.o
 .bss.uxSchedulerSuspended
                0x0000000020012ff4        0x4 ./Core/Src/tasks.o
 .bss.htim3     0x0000000020012ff8       0x48 ./Core/Src/tim.o
                0x0000000020012ff8                htim3
 .bss.xActiveTimerList1
                0x0000000020013040       0x14 ./Core/Src/timers.o
 .bss.xActiveTimerList2
                0x0000000020013054       0x14 ./Core/Src/timers.o
 .bss.pxCurrentTimerList
                0x0000000020013068        0x4 ./Core/Src/timers.o
 .bss.pxOverflowTimerList
                0x000000002001306c        0x4 ./Core/Src/timers.o
 .bss.xTimerQueue
                0x0000000020013070        0x4 ./Core/Src/timers.o
 .bss.xTimerTaskHandle
                0x0000000020013074        0x4 ./Core/Src/timers.o
 .bss.xLastTime.0
                0x0000000020013078        0x4 ./Core/Src/timers.o
 .bss.uwTick    0x000000002001307c        0x4 ./Drivers/STM32F4xx_HAL_Driver/Src/stm32f4xx_hal.o
                0x000000002001307c                uwTick
 .bss.__malloc_free_list
                0x0000000020013080        0x4 c:/st/stm32cubeide_1.11.0/stm32cubeide/plugins/com.st.stm32cube.ide.mcu.externaltools.gnu-tools-for-stm32.10.3-2021.10.win32_1.0.100.202210260954/tools/bin/../lib/gcc/arm-none-eabi/10.3.1/../../../../arm-none-eabi/lib/thumb/v7e-m+fp/hard\libc_nano.a(lib_a-nano-mallocr.o)
                0x0000000020013080                __malloc_free_list
 .bss.__malloc_sbrk_start
                0x0000000020013084        0x4 c:/st/stm32cubeide_1.11.0/stm32cubeide/plugins/com.st.stm32cube.ide.mcu.externaltools.gnu-tools-for-stm32.10.3-2021.10.win32_1.0.100.202210260954/tools/bin/../lib/gcc/arm-none-eabi/10.3.1/../../../../arm-none-eabi/lib/thumb/v7e-m+fp/hard\libc_nano.a(lib_a-nano-mallocr.o)
                0x0000000020013084                __malloc_sbrk_start
 .bss.errno     0x0000000020013088        0x4 c:/st/stm32cubeide_1.11.0/stm32cubeide/plugins/com.st.stm32cube.ide.mcu.externaltools.gnu-tools-for-stm32.10.3-2021.10.win32_1.0.100.202210260954/tools/bin/../lib/gcc/arm-none-eabi/10.3.1/../../../../arm-none-eabi/lib/thumb/v7e-m+fp/hard\libc_nano.a(lib_a-reent.o)
                0x0000000020013088                errno
 .bss.__lock___malloc_recursive_mutex
                0x000000002001308c        0x1 c:/st/stm32cubeide_1.11.0/stm32cubeide/plugins/com.st.stm32cube.ide.mcu.externaltools.gnu-tools-for-stm32.10.3-2021.10.win32_1.0.100.202210260954/tools/bin/../lib/gcc/arm-none-eabi/10.3.1/../../../../arm-none-eabi/lib/thumb/v7e-m+fp/hard\libc_nano.a(lib_a-lock.o)
                0x000000002001308c                __lock___malloc_recursive_mutex
 *(COMMON)
                0x0000000020013090                . = ALIGN (0x4)
 *fill*         0x000000002001308d        0x3 
                0x0000000020013090                _ebss = .
                0x0000000020013090                __bss_end__ = _ebss

._user_heap_stack
                0x0000000020013090      0x600
                0x0000000020013090                . = ALIGN (0x8)
                [!provide]                        PROVIDE (end = .)
                0x0000000020013090                PROVIDE (_end = .)
                0x0000000020013290                . = (. + _Min_Heap_Size)
 *fill*         0x0000000020013090      0x200 
                0x0000000020013690                . = (. + _Min_Stack_Size)
 *fill*         0x0000000020013290      0x400 
                0x0000000020013690                . = ALIGN (0x8)

/DISCARD/
 libc.a(*)
 libm.a(*)
 libgcc.a(*)

.ARM.attributes
                0x0000000000000000       0x30
 *(.ARM.attributes)
 .ARM.attributes
                0x0000000000000000       0x1e c:/st/stm32cubeide_1.11.0/stm32cubeide/plugins/com.st.stm32cube.ide.mcu.externaltools.gnu-tools-for-stm32.10.3-2021.10.win32_1.0.100.202210260954/tools/bin/../lib/gcc/arm-none-eabi/10.3.1/thumb/v7e-m+fp/hard/crti.o
 .ARM.attributes
                0x000000000000001e       0x34 c:/st/stm32cubeide_1.11.0/stm32cubeide/plugins/com.st.stm32cube.ide.mcu.externaltools.gnu-tools-for-stm32.10.3-2021.10.win32_1.0.100.202210260954/tools/bin/../lib/gcc/arm-none-eabi/10.3.1/thumb/v7e-m+fp/hard/crtbegin.o
 .ARM.attributes
                0x0000000000000052       0x34 ./Core/Src/4x4_keypad.o
 .ARM.attributes
                0x0000000000000086       0x34 ./Core/Src/LDRSensor.o
 .ARM.attributes
                0x00000000000000ba       0x34 ./Core/Src/LEDBarGraph.o
 .ARM.attributes
                0x00000000000000ee       0x34 ./Core/Src/MotorDriver.o
 .ARM.attributes
                0x0000000000000122       0x34 ./Core/Src/Potentiometer.o
 .ARM.attributes
                0x0000000000000156       0x34 ./Core/Src/Thermistor.o
 .ARM.attributes
                0x000000000000018a       0x34 ./Core/Src/adc.o
 .ARM.attributes
                0x00000000000001be       0x34 ./Core/Src/gpio.o
 .ARM.attributes
                0x00000000000001f2       0x34 ./Core/Src/heap_4.o
 .ARM.attributes
                0x0000000000000226       0x34 ./Core/Src/lcd.o
 .ARM.attributes
                0x000000000000025a       0x34 ./Core/Src/list.o
 .ARM.attributes
                0x000000000000028e       0x34 ./Core/Src/main.o
 .ARM.attributes
                0x00000000000002c2       0x34 ./Core/Src/port.o
 .ARM.attributes
                0x00000000000002f6       0x34 ./Core/Src/queue.o
 .ARM.attributes
                0x000000000000032a       0x34 ./Core/Src/stm32f4xx_hal_msp.o
 .ARM.attributes
                0x000000000000035e       0x34 ./Core/Src/stm32f4xx_hal_timebase_tim.o
 .ARM.attributes
                0x0000000000000392       0x34 ./Core/Src/stm32f4xx_it.o
 .ARM.attributes
                0x00000000000003c6       0x34 ./Core/Src/sysmem.o
 .ARM.attributes
                0x00000000000003fa       0x34 ./Core/Src/system_stm32f4xx.o
 .ARM.attributes
                0x000000000000042e       0x34 ./Core/Src/tasks.o
 .ARM.attributes
                0x0000000000000462       0x34 ./Core/Src/tim.o
 .ARM.attributes
                0x0000000000000496       0x34 ./Core/Src/timers.o
 .ARM.attributes
                0x00000000000004ca       0x21 ./Core/Startup/startup_stm32f405rgtx.o
 .ARM.attributes
                0x00000000000004eb       0x34 ./Drivers/STM32F4xx_HAL_Driver/Src/stm32f4xx_hal.o
 .ARM.attributes
                0x000000000000051f       0x34 ./Drivers/STM32F4xx_HAL_Driver/Src/stm32f4xx_hal_adc.o
 .ARM.attributes
                0x0000000000000553       0x34 ./Drivers/STM32F4xx_HAL_Driver/Src/stm32f4xx_hal_cortex.o
 .ARM.attributes
                0x0000000000000587       0x34 ./Drivers/STM32F4xx_HAL_Driver/Src/stm32f4xx_hal_gpio.o
 .ARM.attributes
                0x00000000000005bb       0x34 ./Drivers/STM32F4xx_HAL_Driver/Src/stm32f4xx_hal_rcc.o
 .ARM.attributes
                0x00000000000005ef       0x34 ./Drivers/STM32F4xx_HAL_Driver/Src/stm32f4xx_hal_tim.o
 .ARM.attributes
                0x0000000000000623       0x34 ./Drivers/STM32F4xx_HAL_Driver/Src/stm32f4xx_hal_tim_ex.o
 .ARM.attributes
                0x0000000000000657       0x34 c:/st/stm32cubeide_1.11.0/stm32cubeide/plugins/com.st.stm32cube.ide.mcu.externaltools.gnu-tools-for-stm32.10.3-2021.10.win32_1.0.100.202210260954/tools/bin/../lib/gcc/arm-none-eabi/10.3.1/../../../../arm-none-eabi/lib/thumb/v7e-m+fp/hard\libm.a(lib_a-w_log.o)
 .ARM.attributes
                0x000000000000068b       0x34 c:/st/stm32cubeide_1.11.0/stm32cubeide/plugins/com.st.stm32cube.ide.mcu.externaltools.gnu-tools-for-stm32.10.3-2021.10.win32_1.0.100.202210260954/tools/bin/../lib/gcc/arm-none-eabi/10.3.1/../../../../arm-none-eabi/lib/thumb/v7e-m+fp/hard\libm.a(lib_a-e_log.o)
 .ARM.attributes
                0x00000000000006bf       0x34 c:/st/stm32cubeide_1.11.0/stm32cubeide/plugins/com.st.stm32cube.ide.mcu.externaltools.gnu-tools-for-stm32.10.3-2021.10.win32_1.0.100.202210260954/tools/bin/../lib/gcc/arm-none-eabi/10.3.1/../../../../arm-none-eabi/lib/thumb/v7e-m+fp/hard\libm.a(lib_a-s_nan.o)
 .ARM.attributes
                0x00000000000006f3       0x34 c:/st/stm32cubeide_1.11.0/stm32cubeide/plugins/com.st.stm32cube.ide.mcu.externaltools.gnu-tools-for-stm32.10.3-2021.10.win32_1.0.100.202210260954/tools/bin/../lib/gcc/arm-none-eabi/10.3.1/../../../../arm-none-eabi/lib/thumb/v7e-m+fp/hard\libc_nano.a(lib_a-errno.o)
 .ARM.attributes
                0x0000000000000727       0x34 c:/st/stm32cubeide_1.11.0/stm32cubeide/plugins/com.st.stm32cube.ide.mcu.externaltools.gnu-tools-for-stm32.10.3-2021.10.win32_1.0.100.202210260954/tools/bin/../lib/gcc/arm-none-eabi/10.3.1/../../../../arm-none-eabi/lib/thumb/v7e-m+fp/hard\libc_nano.a(lib_a-impure.o)
 .ARM.attributes
                0x000000000000075b       0x34 c:/st/stm32cubeide_1.11.0/stm32cubeide/plugins/com.st.stm32cube.ide.mcu.externaltools.gnu-tools-for-stm32.10.3-2021.10.win32_1.0.100.202210260954/tools/bin/../lib/gcc/arm-none-eabi/10.3.1/../../../../arm-none-eabi/lib/thumb/v7e-m+fp/hard\libc_nano.a(lib_a-init.o)
 .ARM.attributes
                0x000000000000078f       0x34 c:/st/stm32cubeide_1.11.0/stm32cubeide/plugins/com.st.stm32cube.ide.mcu.externaltools.gnu-tools-for-stm32.10.3-2021.10.win32_1.0.100.202210260954/tools/bin/../lib/gcc/arm-none-eabi/10.3.1/../../../../arm-none-eabi/lib/thumb/v7e-m+fp/hard\libc_nano.a(lib_a-memcpy-stub.o)
 .ARM.attributes
                0x00000000000007c3       0x34 c:/st/stm32cubeide_1.11.0/stm32cubeide/plugins/com.st.stm32cube.ide.mcu.externaltools.gnu-tools-for-stm32.10.3-2021.10.win32_1.0.100.202210260954/tools/bin/../lib/gcc/arm-none-eabi/10.3.1/../../../../arm-none-eabi/lib/thumb/v7e-m+fp/hard\libc_nano.a(lib_a-memset.o)
 .ARM.attributes
                0x00000000000007f7       0x34 c:/st/stm32cubeide_1.11.0/stm32cubeide/plugins/com.st.stm32cube.ide.mcu.externaltools.gnu-tools-for-stm32.10.3-2021.10.win32_1.0.100.202210260954/tools/bin/../lib/gcc/arm-none-eabi/10.3.1/../../../../arm-none-eabi/lib/thumb/v7e-m+fp/hard\libc_nano.a(lib_a-snprintf.o)
 .ARM.attributes
                0x000000000000082b       0x1c c:/st/stm32cubeide_1.11.0/stm32cubeide/plugins/com.st.stm32cube.ide.mcu.externaltools.gnu-tools-for-stm32.10.3-2021.10.win32_1.0.100.202210260954/tools/bin/../lib/gcc/arm-none-eabi/10.3.1/../../../../arm-none-eabi/lib/thumb/v7e-m+fp/hard\libc_nano.a(lib_a-strcmp.o)
 .ARM.attributes
                0x0000000000000847       0x34 c:/st/stm32cubeide_1.11.0/stm32cubeide/plugins/com.st.stm32cube.ide.mcu.externaltools.gnu-tools-for-stm32.10.3-2021.10.win32_1.0.100.202210260954/tools/bin/../lib/gcc/arm-none-eabi/10.3.1/../../../../arm-none-eabi/lib/thumb/v7e-m+fp/hard\libc_nano.a(lib_a-nano-svfprintf.o)
 .ARM.attributes
                0x000000000000087b       0x34 c:/st/stm32cubeide_1.11.0/stm32cubeide/plugins/com.st.stm32cube.ide.mcu.externaltools.gnu-tools-for-stm32.10.3-2021.10.win32_1.0.100.202210260954/tools/bin/../lib/gcc/arm-none-eabi/10.3.1/../../../../arm-none-eabi/lib/thumb/v7e-m+fp/hard\libc_nano.a(lib_a-nano-vfprintf_i.o)
 .ARM.attributes
                0x00000000000008af       0x1c c:/st/stm32cubeide_1.11.0/stm32cubeide/plugins/com.st.stm32cube.ide.mcu.externaltools.gnu-tools-for-stm32.10.3-2021.10.win32_1.0.100.202210260954/tools/bin/../lib/gcc/arm-none-eabi/10.3.1/../../../../arm-none-eabi/lib/thumb/v7e-m+fp/hard\libc_nano.a(lib_a-memchr.o)
 .ARM.attributes
                0x00000000000008cb       0x34 c:/st/stm32cubeide_1.11.0/stm32cubeide/plugins/com.st.stm32cube.ide.mcu.externaltools.gnu-tools-for-stm32.10.3-2021.10.win32_1.0.100.202210260954/tools/bin/../lib/gcc/arm-none-eabi/10.3.1/../../../../arm-none-eabi/lib/thumb/v7e-m+fp/hard\libc_nano.a(lib_a-memmove.o)
 .ARM.attributes
                0x00000000000008ff       0x34 c:/st/stm32cubeide_1.11.0/stm32cubeide/plugins/com.st.stm32cube.ide.mcu.externaltools.gnu-tools-for-stm32.10.3-2021.10.win32_1.0.100.202210260954/tools/bin/../lib/gcc/arm-none-eabi/10.3.1/../../../../arm-none-eabi/lib/thumb/v7e-m+fp/hard\libc_nano.a(lib_a-nano-freer.o)
 .ARM.attributes
                0x0000000000000933       0x34 c:/st/stm32cubeide_1.11.0/stm32cubeide/plugins/com.st.stm32cube.ide.mcu.externaltools.gnu-tools-for-stm32.10.3-2021.10.win32_1.0.100.202210260954/tools/bin/../lib/gcc/arm-none-eabi/10.3.1/../../../../arm-none-eabi/lib/thumb/v7e-m+fp/hard\libc_nano.a(lib_a-nano-mallocr.o)
 .ARM.attributes
                0x0000000000000967       0x34 c:/st/stm32cubeide_1.11.0/stm32cubeide/plugins/com.st.stm32cube.ide.mcu.externaltools.gnu-tools-for-stm32.10.3-2021.10.win32_1.0.100.202210260954/tools/bin/../lib/gcc/arm-none-eabi/10.3.1/../../../../arm-none-eabi/lib/thumb/v7e-m+fp/hard\libc_nano.a(lib_a-nano-reallocr.o)
 .ARM.attributes
                0x000000000000099b       0x34 c:/st/stm32cubeide_1.11.0/stm32cubeide/plugins/com.st.stm32cube.ide.mcu.externaltools.gnu-tools-for-stm32.10.3-2021.10.win32_1.0.100.202210260954/tools/bin/../lib/gcc/arm-none-eabi/10.3.1/../../../../arm-none-eabi/lib/thumb/v7e-m+fp/hard\libc_nano.a(lib_a-sbrkr.o)
 .ARM.attributes
                0x00000000000009cf       0x34 c:/st/stm32cubeide_1.11.0/stm32cubeide/plugins/com.st.stm32cube.ide.mcu.externaltools.gnu-tools-for-stm32.10.3-2021.10.win32_1.0.100.202210260954/tools/bin/../lib/gcc/arm-none-eabi/10.3.1/../../../../arm-none-eabi/lib/thumb/v7e-m+fp/hard\libc_nano.a(lib_a-mlock.o)
 .ARM.attributes
                0x0000000000000a03       0x34 c:/st/stm32cubeide_1.11.0/stm32cubeide/plugins/com.st.stm32cube.ide.mcu.externaltools.gnu-tools-for-stm32.10.3-2021.10.win32_1.0.100.202210260954/tools/bin/../lib/gcc/arm-none-eabi/10.3.1/../../../../arm-none-eabi/lib/thumb/v7e-m+fp/hard\libc_nano.a(lib_a-nano-msizer.o)
 .ARM.attributes
                0x0000000000000a37       0x34 c:/st/stm32cubeide_1.11.0/stm32cubeide/plugins/com.st.stm32cube.ide.mcu.externaltools.gnu-tools-for-stm32.10.3-2021.10.win32_1.0.100.202210260954/tools/bin/../lib/gcc/arm-none-eabi/10.3.1/../../../../arm-none-eabi/lib/thumb/v7e-m+fp/hard\libc_nano.a(lib_a-reent.o)
 .ARM.attributes
                0x0000000000000a6b       0x34 c:/st/stm32cubeide_1.11.0/stm32cubeide/plugins/com.st.stm32cube.ide.mcu.externaltools.gnu-tools-for-stm32.10.3-2021.10.win32_1.0.100.202210260954/tools/bin/../lib/gcc/arm-none-eabi/10.3.1/../../../../arm-none-eabi/lib/thumb/v7e-m+fp/hard\libc_nano.a(lib_a-lock.o)
 .ARM.attributes
                0x0000000000000a9f       0x1e c:/st/stm32cubeide_1.11.0/stm32cubeide/plugins/com.st.stm32cube.ide.mcu.externaltools.gnu-tools-for-stm32.10.3-2021.10.win32_1.0.100.202210260954/tools/bin/../lib/gcc/arm-none-eabi/10.3.1/thumb/v7e-m+fp/hard\libgcc.a(_arm_addsubdf3.o)
 .ARM.attributes
                0x0000000000000abd       0x1e c:/st/stm32cubeide_1.11.0/stm32cubeide/plugins/com.st.stm32cube.ide.mcu.externaltools.gnu-tools-for-stm32.10.3-2021.10.win32_1.0.100.202210260954/tools/bin/../lib/gcc/arm-none-eabi/10.3.1/thumb/v7e-m+fp/hard\libgcc.a(_arm_muldivdf3.o)
 .ARM.attributes
                0x0000000000000adb       0x1e c:/st/stm32cubeide_1.11.0/stm32cubeide/plugins/com.st.stm32cube.ide.mcu.externaltools.gnu-tools-for-stm32.10.3-2021.10.win32_1.0.100.202210260954/tools/bin/../lib/gcc/arm-none-eabi/10.3.1/thumb/v7e-m+fp/hard\libgcc.a(_arm_cmpdf2.o)
 .ARM.attributes
                0x0000000000000af9       0x1e c:/st/stm32cubeide_1.11.0/stm32cubeide/plugins/com.st.stm32cube.ide.mcu.externaltools.gnu-tools-for-stm32.10.3-2021.10.win32_1.0.100.202210260954/tools/bin/../lib/gcc/arm-none-eabi/10.3.1/thumb/v7e-m+fp/hard\libgcc.a(_arm_unorddf2.o)
 .ARM.attributes
                0x0000000000000b17       0x1e c:/st/stm32cubeide_1.11.0/stm32cubeide/plugins/com.st.stm32cube.ide.mcu.externaltools.gnu-tools-for-stm32.10.3-2021.10.win32_1.0.100.202210260954/tools/bin/../lib/gcc/arm-none-eabi/10.3.1/thumb/v7e-m+fp/hard\libgcc.a(_arm_truncdfsf2.o)
 .ARM.attributes
                0x0000000000000b35       0x1e c:/st/stm32cubeide_1.11.0/stm32cubeide/plugins/com.st.stm32cube.ide.mcu.externaltools.gnu-tools-for-stm32.10.3-2021.10.win32_1.0.100.202210260954/tools/bin/../lib/gcc/arm-none-eabi/10.3.1/thumb/v7e-m+fp/hard\libgcc.a(_aeabi_uldivmod.o)
 .ARM.attributes
                0x0000000000000b53       0x34 c:/st/stm32cubeide_1.11.0/stm32cubeide/plugins/com.st.stm32cube.ide.mcu.externaltools.gnu-tools-for-stm32.10.3-2021.10.win32_1.0.100.202210260954/tools/bin/../lib/gcc/arm-none-eabi/10.3.1/thumb/v7e-m+fp/hard\libgcc.a(_udivmoddi4.o)
 .ARM.attributes
                0x0000000000000b87       0x1e c:/st/stm32cubeide_1.11.0/stm32cubeide/plugins/com.st.stm32cube.ide.mcu.externaltools.gnu-tools-for-stm32.10.3-2021.10.win32_1.0.100.202210260954/tools/bin/../lib/gcc/arm-none-eabi/10.3.1/thumb/v7e-m+fp/hard\libgcc.a(_dvmd_tls.o)
 .ARM.attributes
                0x0000000000000ba5       0x1e c:/st/stm32cubeide_1.11.0/stm32cubeide/plugins/com.st.stm32cube.ide.mcu.externaltools.gnu-tools-for-stm32.10.3-2021.10.win32_1.0.100.202210260954/tools/bin/../lib/gcc/arm-none-eabi/10.3.1/thumb/v7e-m+fp/hard/crtn.o
OUTPUT(Industrial_Safety.elf elf32-littlearm)
LOAD linker stubs
LOAD c:/st/stm32cubeide_1.11.0/stm32cubeide/plugins/com.st.stm32cube.ide.mcu.externaltools.gnu-tools-for-stm32.10.3-2021.10.win32_1.0.100.202210260954/tools/bin/../lib/gcc/arm-none-eabi/10.3.1/../../../../arm-none-eabi/lib/thumb/v7e-m+fp/hard\libc.a
LOAD c:/st/stm32cubeide_1.11.0/stm32cubeide/plugins/com.st.stm32cube.ide.mcu.externaltools.gnu-tools-for-stm32.10.3-2021.10.win32_1.0.100.202210260954/tools/bin/../lib/gcc/arm-none-eabi/10.3.1/../../../../arm-none-eabi/lib/thumb/v7e-m+fp/hard\libm.a
LOAD c:/st/stm32cubeide_1.11.0/stm32cubeide/plugins/com.st.stm32cube.ide.mcu.externaltools.gnu-tools-for-stm32.10.3-2021.10.win32_1.0.100.202210260954/tools/bin/../lib/gcc/arm-none-eabi/10.3.1/thumb/v7e-m+fp/hard\libgcc.a

.debug_info     0x0000000000000000    0x151d6
 .debug_info    0x0000000000000000      0x6e5 ./Core/Src/4x4_keypad.o
 .debug_info    0x00000000000006e5      0x2c7 ./Core/Src/LDRSensor.o
 .debug_info    0x00000000000009ac      0x35c ./Core/Src/LEDBarGraph.o
 .debug_info    0x0000000000000d08      0x996 ./Core/Src/MotorDriver.o
 .debug_info    0x000000000000169e      0x82e ./Core/Src/Potentiometer.o
 .debug_info    0x0000000000001ecc      0xabb ./Core/Src/Thermistor.o
 .debug_info    0x0000000000002987      0xaa3 ./Core/Src/adc.o
 .debug_info    0x000000000000342a      0x471 ./Core/Src/gpio.o
 .debug_info    0x000000000000389b      0x558 ./Core/Src/heap_4.o
 .debug_info    0x0000000000003df3      0x527 ./Core/Src/lcd.o
 .debug_info    0x000000000000431a      0x2d1 ./Core/Src/list.o
 .debug_info    0x00000000000045eb     0x1999 ./Core/Src/main.o
 .debug_info    0x0000000000005f84      0x507 ./Core/Src/port.o
 .debug_info    0x000000000000648b     0x196b ./Core/Src/queue.o
 .debug_info    0x0000000000007df6      0x2a8 ./Core/Src/stm32f4xx_hal_msp.o
 .debug_info    0x000000000000809e      0xc2a ./Core/Src/stm32f4xx_hal_timebase_tim.o
 .debug_info    0x0000000000008cc8      0x6f8 ./Core/Src/stm32f4xx_it.o
 .debug_info    0x00000000000093c0      0x171 ./Core/Src/sysmem.o
 .debug_info    0x0000000000009531      0x523 ./Core/Src/system_stm32f4xx.o
 .debug_info    0x0000000000009a54     0x25ab ./Core/Src/tasks.o
 .debug_info    0x000000000000bfff      0xbb5 ./Core/Src/tim.o
 .debug_info    0x000000000000cbb4      0xeaf ./Core/Src/timers.o
 .debug_info    0x000000000000da63       0x22 ./Core/Startup/startup_stm32f405rgtx.o
 .debug_info    0x000000000000da85      0x96a ./Drivers/STM32F4xx_HAL_Driver/Src/stm32f4xx_hal.o
 .debug_info    0x000000000000e3ef      0xd70 ./Drivers/STM32F4xx_HAL_Driver/Src/stm32f4xx_hal_adc.o
 .debug_info    0x000000000000f15f      0xe09 ./Drivers/STM32F4xx_HAL_Driver/Src/stm32f4xx_hal_cortex.o
 .debug_info    0x000000000000ff68      0x76a ./Drivers/STM32F4xx_HAL_Driver/Src/stm32f4xx_hal_gpio.o
 .debug_info    0x00000000000106d2      0x966 ./Drivers/STM32F4xx_HAL_Driver/Src/stm32f4xx_hal_rcc.o
 .debug_info    0x0000000000011038     0x2bbe ./Drivers/STM32F4xx_HAL_Driver/Src/stm32f4xx_hal_tim.o
 .debug_info    0x0000000000013bf6     0x15e0 ./Drivers/STM32F4xx_HAL_Driver/Src/stm32f4xx_hal_tim_ex.o

.debug_abbrev   0x0000000000000000     0x3c5a
 .debug_abbrev  0x0000000000000000      0x1d3 ./Core/Src/4x4_keypad.o
 .debug_abbrev  0x00000000000001d3      0x1bf ./Core/Src/LDRSensor.o
 .debug_abbrev  0x0000000000000392      0x228 ./Core/Src/LEDBarGraph.o
 .debug_abbrev  0x00000000000005ba      0x23b ./Core/Src/MotorDriver.o
 .debug_abbrev  0x00000000000007f5      0x1df ./Core/Src/Potentiometer.o
 .debug_abbrev  0x00000000000009d4      0x28c ./Core/Src/Thermistor.o
 .debug_abbrev  0x0000000000000c60      0x1e0 ./Core/Src/adc.o
 .debug_abbrev  0x0000000000000e40      0x146 ./Core/Src/gpio.o
 .debug_abbrev  0x0000000000000f86      0x24e ./Core/Src/heap_4.o
 .debug_abbrev  0x00000000000011d4      0x13d ./Core/Src/lcd.o
 .debug_abbrev  0x0000000000001311       0xf2 ./Core/Src/list.o
 .debug_abbrev  0x0000000000001403      0x412 ./Core/Src/main.o
 .debug_abbrev  0x0000000000001815      0x259 ./Core/Src/port.o
 .debug_abbrev  0x0000000000001a6e      0x312 ./Core/Src/queue.o
 .debug_abbrev  0x0000000000001d80       0xd4 ./Core/Src/stm32f4xx_hal_msp.o
 .debug_abbrev  0x0000000000001e54      0x1e6 ./Core/Src/stm32f4xx_hal_timebase_tim.o
 .debug_abbrev  0x000000000000203a      0x171 ./Core/Src/stm32f4xx_it.o
 .debug_abbrev  0x00000000000021ab       0xbb ./Core/Src/sysmem.o
 .debug_abbrev  0x0000000000002266      0x116 ./Core/Src/system_stm32f4xx.o
 .debug_abbrev  0x000000000000237c      0x36c ./Core/Src/tasks.o
 .debug_abbrev  0x00000000000026e8      0x204 ./Core/Src/tim.o
 .debug_abbrev  0x00000000000028ec      0x2c5 ./Core/Src/timers.o
 .debug_abbrev  0x0000000000002bb1       0x12 ./Core/Startup/startup_stm32f405rgtx.o
 .debug_abbrev  0x0000000000002bc3      0x20d ./Drivers/STM32F4xx_HAL_Driver/Src/stm32f4xx_hal.o
 .debug_abbrev  0x0000000000002dd0      0x244 ./Drivers/STM32F4xx_HAL_Driver/Src/stm32f4xx_hal_adc.o
 .debug_abbrev  0x0000000000003014      0x316 ./Drivers/STM32F4xx_HAL_Driver/Src/stm32f4xx_hal_cortex.o
 .debug_abbrev  0x000000000000332a      0x1c4 ./Drivers/STM32F4xx_HAL_Driver/Src/stm32f4xx_hal_gpio.o
 .debug_abbrev  0x00000000000034ee      0x2aa ./Drivers/STM32F4xx_HAL_Driver/Src/stm32f4xx_hal_rcc.o
 .debug_abbrev  0x0000000000003798      0x25d ./Drivers/STM32F4xx_HAL_Driver/Src/stm32f4xx_hal_tim.o
 .debug_abbrev  0x00000000000039f5      0x265 ./Drivers/STM32F4xx_HAL_Driver/Src/stm32f4xx_hal_tim_ex.o

.debug_aranges  0x0000000000000000     0x11c8
 .debug_aranges
                0x0000000000000000       0x30 ./Core/Src/4x4_keypad.o
 .debug_aranges
                0x0000000000000030       0x28 ./Core/Src/LDRSensor.o
 .debug_aranges
                0x0000000000000058       0x28 ./Core/Src/LEDBarGraph.o
 .debug_aranges
                0x0000000000000080       0x30 ./Core/Src/MotorDriver.o
 .debug_aranges
                0x00000000000000b0       0x30 ./Core/Src/Potentiometer.o
 .debug_aranges
                0x00000000000000e0       0x40 ./Core/Src/Thermistor.o
 .debug_aranges
                0x0000000000000120       0x38 ./Core/Src/adc.o
 .debug_aranges
                0x0000000000000158       0x20 ./Core/Src/gpio.o
 .debug_aranges
                0x0000000000000178       0x60 ./Core/Src/heap_4.o