../Core/Src/main.cpp:139:6:void SensorTask(void*)	16	static
../Core/Src/main.cpp:161:6:void ActuatorTask(void*)	16	static
../Core/Src/main.cpp:200:6:void DisplayTask(void*)	64	static
../Core/Src/main.cpp:232:6:void PasswordTask(void*)	48	static
../Core/Src/main.cpp:292:5:int main()	16	static
../Core/Src/main.cpp:349:6:void SystemClock_Config()	88	static
../Core/Src/main.cpp:393:6:bool SmokeDetect()	8	static
../Core/Src/main.cpp:409:6:void HAL_TIM_PeriodElapsedCallback(TIM_HandleTypeDef*)	16	static
../Core/Src/main.cpp:426:6:void Error_Handler()	4	static,ignoring_inline_asm
../Core/Src/main.cpp:435:1:void __static_initialization_and_destruction_0(int, int)	24	static
../Core/Src/main.cpp:435:1:cpp)	8	static
